
Mobile Authentication

Scan this QR code with your Lyntty mobile app:

================================================================================
📱 To authenticate, scan this QR code with your mobile device:
================================================================================
          ▄▄▄▄▄▄▄▄▄▄▄▄▄▄▄▄▄▄▄▄▄▄▄▄▄▄▄▄▄▄▄▄▄▄▄
          █ ▄▄▄▄▄ █▄▀ ▀ ▄ █ ██▄█   ▀█ ▄▄▄▄▄ █
          █ █   █ █   █▀ ▀▀▄▀█ ▄▀ ███ █   █ █
          █ █▄▄▄█ █▄█▀ ▄█ ▄▄   ▀▄▀█ █ █▄▄▄█ █
          █▄▄▄▄▄▄▄█▄█ █ █▄▀▄▀▄▀▄█▄▀▄█▄▄▄▄▄▄▄█
          █▄  ▄▀█▄▀▄█ ▄  █▀ ▀ █ ▄▀▀▄▄▀█▄  ▀ █
          █  ▄▀ █▄▄   ▄▄▄█▀██ ▀ ██ ▀█▄▀▄ █ ▄█
          █▄ █▀█▀▄█▄ ▄▀ █ ▄ ▀▀▄█▀ █▀▄█ ▄ ▀ ██
          █ ▄   ▀▄ ▀▄▄ █▄▀█ █▄▄▄▀▄▀ █▄  ▄▀█▀█
          █▄  █▄█▄ ▀▀▀█▄█ █▄ ▄▄▀▄▄ ▄█ ▀ █  ▀█
          █ ▀▄█▀▀▄█▀▄▀▀█  ▄▄▀████ ██ ▄▀▀▀█ ▀█
          █▀▀▀  ▄▄▀▄█▄██▄▄█▀▄ ▄▀▄ ▀▄▀███▀▄  █
          ██▀▄ ▄█▄█ ▀█▀▀▀ █ ▄▀▀██▀▄ ▀ █ █▄ ▄█
          █▄█▄██▄▄█ █▄ █▀█▄  ▀▀▄▄ █ ▄▄▄ █▀▄▄█
          █ ▄▄▄▄▄ ███ █ ▀▄█ ▄▄▄  █▀ █▄█   ▀██
          █ █   █ █▀▄ ▄▀▀██▄▄ ▀ █ ▄▄▄▄ ▄▀▄▄▀█
          █ █▄▄▄█ █ ▄▄▄ ██▄█▀███▄ ██▄▀▀██▄█▀█
          █▄▄▄▄▄▄▄█▄██▄▄▄███▄█▄▄▄▄▄█▄▄▄▄█▄███
          
================================================================================

Or manually enter this URL:
lyntty://terminal?RRXUs3vqqvHyxw8VE4EqDyL_m2vOULawT0VQqVVCaxg

Waiting for authentication
Waiting for authentication.   
Waiting for authentication..   
Waiting for authentication...   
Waiting for authentication.   
Waiting for authentication..   
Waiting for authentication...   
Waiting for authentication.   
Waiting for authentication..   
Waiting for authentication...   
Waiting for authentication.   
Waiting for authentication..   
Waiting for authentication...   
Waiting for authentication.   
Waiting for authentication..   
Waiting for authentication...   
Waiting for authentication.   
Waiting for authentication..   
Waiting for authentication...   
Waiting for authentication.   
Waiting for authentication..   
Waiting for authentication...   
Waiting for authentication.   
Waiting for authentication..   
Waiting for authentication...   
Waiting for authentication.   
Waiting for authentication..   
Waiting for authentication...   

✓ Authentication successful


✓ Authentication successful
  Machine ID: 1c3ae438-a016-48e7-a4fc-ffd6b45db197
