> Task :react-native-gesture-handler:buildCMakeRelWithDebInfo[arm64-v8a]
> Task :react-native-gesture-handler:configureCMakeRelWithDebInfo[armeabi-v7a]
> Task :react-native-gesture-handler:buildCMakeRelWithDebInfo[armeabi-v7a]
> Task :react-native-gesture-handler:configureCMakeRelWithDebInfo[x86]
> Task :react-native-gesture-handler:buildCMakeRelWithDebInfo[x86]
> Task :react-native-gesture-handler:configureCMakeRelWithDebInfo[x86_64]
> Task :react-native-gesture-handler:buildCMakeRelWithDebInfo[x86_64]
> Task :react-native-gesture-handler:mergeReleaseNativeLibs
> Task :react-native-gesture-handler:copyReleaseJniLibsProjectOnly
> Task :app:generateAutolinkingNewArchitectureFiles UP-TO-DATE
> Task :app:generateAutolinkingPackageList UP-TO-DATE
> Task :app:generateCodegenSchemaFromJavaScript SKIPPED
> Task :app:generateCodegenArtifactsFromSchema SKIPPED
> Task :app:generateReactNativeEntryPoint UP-TO-DATE
> Task :app:preBuild
> Task :app:preDebugOptimizedBuild
> Task :app:mergeDebugOptimizedNativeDebugMetadata NO-SOURCE
> Task :app:checkKotlinGradlePluginConfigurationErrors SKIPPED
> Task :app:generateDebugOptimizedBuildConfig UP-TO-DATE
> Task :app:checkDebugOptimizedAarMetadata UP-TO-DATE
> Task :app:generateDebugOptimizedResValues UP-TO-DATE
> Task :app:mapDebugOptimizedSourceSetPaths UP-TO-DATE
> Task :app:generateDebugOptimizedResources UP-TO-DATE
> Task :app:mergeDebugOptimizedResources UP-TO-DATE
> Task :app:packageDebugOptimizedResources UP-TO-DATE
> Task :app:parseDebugOptimizedLocalResources UP-TO-DATE
> Task :app:createDebugOptimizedCompatibleScreenManifests UP-TO-DATE
> Task :app:extractDeepLinksDebugOptimized UP-TO-DATE
> Task :app:processDebugOptimizedMainManifest UP-TO-DATE
> Task :app:expoDebugOptimizedOverrideMaxSdkConflicts UP-TO-DATE
> Task :app:processDebugOptimizedManifest UP-TO-DATE
> Task :app:processDebugOptimizedManifestForPackage UP-TO-DATE
> Task :app:processDebugOptimizedResources UP-TO-DATE
> Task :app:compileDebugOptimizedKotlin UP-TO-DATE
> Task :app:javaPreCompileDebugOptimized UP-TO-DATE
> Task :app:compileDebugOptimizedJavaWithJavac
> Task :app:mergeDebugOptimizedShaders UP-TO-DATE
> Task :app:compileDebugOptimizedShaders NO-SOURCE
> Task :app:createDebugOptimizedUpdatesResources UP-TO-DATE
> Task :app:generateDebugOptimizedAssets UP-TO-DATE
> Task :app:mergeDebugOptimizedAssets UP-TO-DATE
> Task :app:compressDebugOptimizedAssets UP-TO-DATE
> Task :app:desugarDebugOptimizedFileDependencies UP-TO-DATE
> Task :app:processDebugOptimizedJavaRes
> Task :app:checkDebugOptimizedDuplicateClasses UP-TO-DATE
> Task :app:transformDebugOptimizedClassesWithAsm
> Task :app:mergeExtDexDebugOptimized UP-TO-DATE
> Task :app:dexBuilderDebugOptimized
> Task :app:mergeLibDexDebugOptimized UP-TO-DATE
> Task :app:mergeDebugOptimizedGlobalSynthetics
> Task :app:configureCMakeRelease[arm64-v8a]
> Task :app:mergeProjectDexDebugOptimized
> Task :app:mergeDebugOptimizedJavaResource
> Task :app:buildCMakeRelease[arm64-v8a]
> Task :app:configureCMakeRelease[armeabi-v7a]
> Task :app:buildCMakeRelease[armeabi-v7a]
> Task :app:configureCMakeRelease[x86]
> Task :app:buildCMakeRelease[x86]
> Task :app:configureCMakeRelease[x86_64]
> Task :app:buildCMakeRelease[x86_64]
> Task :app:mergeDebugOptimizedJniLibFolders UP-TO-DATE
> Task :app:validateSigningDebugOptimized UP-TO-DATE
> Task :app:writeDebugOptimizedAppMetadata UP-TO-DATE
> Task :app:writeDebugOptimizedSigningConfigVersions UP-TO-DATE
> Task :app:mergeDebugOptimizedNativeLibs
> Task :app:stripDebugOptimizedDebugSymbols
> Task :app:packageDebugOptimized
> Task :app:createDebugOptimizedApkListingFileRedirect
> Task :app:assembleDebugOptimized

[Incubating] Problems report is available at: file:///home/jc/dev/lyntty/worktrees/pi-completion-push/packages/lyntty-app/android/build/reports/problems/problems-report.html

Deprecated Gradle features were used in this build, making it incompatible with Gradle 10.

You can use '--warning-mode all' to show the individual deprecation warnings and determine if they come from your own scripts or plugins.

For more on this, please refer to https://docs.gradle.org/9.0.0/userguide/command_line_interface.html#sec:command_line_warnings in the Gradle documentation.

BUILD SUCCESSFUL in 3m 30s
1194 actionable tasks: 139 executed, 1055 up-to-date
