 WARN  [Error: Failed to fetch artifacts: 401]
 WARN  [Error: Failed to fetch profile: 401]
 WARN  [Error: Failed to sync settings: Invalid token]
 WARN  [Error: Failed to register push token: 401]
 WARN  [Error: Failed to fetch sessions: 401]
 WARN  [Error: Failed to fetch artifacts: 401]
 WARN  [Error: Failed to register push token: 401]
 WARN  [Error: Failed to sync settings: Invalid token]
 WARN  [Error: Failed to fetch artifacts: 401]
 WARN  [Error: Failed to register push token: 401]
 WARN  [Error: Failed to fetch profile: 401]
 WARN  [Error: Failed to register push token: 401]
 WARN  [Error: Failed to fetch profile: 401]
 WARN  [Error: Failed to fetch sessions: 401]
 WARN  [Error: Failed to fetch profile: 401]
 WARN  [Error: Failed to fetch artifacts: 401]
 WARN  [Error: Failed to sync settings: Invalid token]
 WARN  [Error: Failed to register push token: 401]
 WARN  [Error: Failed to fetch artifacts: 401]
 WARN  [Error: Failed to fetch profile: 401]
 WARN  [Error: Failed to fetch sessions: 401]
 WARN  [Error: Failed to fetch artifacts: 401]
 WARN  [Error: Failed to register push token: 401]
 WARN  [Error: Failed to sync settings: Invalid token]
 WARN  [Error: Failed to fetch sessions: 401]
 WARN  [Error: Failed to sync settings: Invalid token]
 WARN  [Error: Failed to fetch artifacts: 401]
 WARN  [Error: Failed to sync settings: Invalid token]
 WARN  [Error: Failed to fetch profile: 401]
 WARN  [Error: Failed to register push token: 401]
 WARN  [Error: Failed to fetch profile: 401]
 WARN  [Error: Failed to sync settings: Invalid token]
 WARN  [Error: Failed to fetch profile: 401]
 WARN  [Error: Failed to fetch sessions: 401]
 WARN  [Error: Failed to fetch artifacts: 401]
 WARN  [Error: Failed to register push token: 401]
 WARN  [Error: Failed to register push token: 401]
 WARN  [Error: Failed to fetch artifacts: 401]
 WARN  [Error: Failed to fetch profile: 401]
 WARN  [Error: Failed to register push token: 401]
 WARN  [Error: Failed to fetch sessions: 401]
 WARN  [Error: Failed to sync settings: Invalid token]
 WARN  [Error: Failed to fetch artifacts: 401]
 WARN  [Error: Failed to fetch profile: 401]
 WARN  [Error: Failed to sync settings: Invalid token]
 WARN  [Error: Failed to fetch sessions: 401]
 WARN  [Error: Failed to sync settings: Invalid token]
 WARN  [Error: Failed to register push token: 401]
 WARN  [Error: Failed to fetch profile: 401]
 WARN  [Error: Failed to fetch artifacts: 401]
 WARN  [Error: Failed to sync settings: Invalid token]
 WARN  [Error: Failed to fetch profile: 401]
 WARN  [Error: Failed to fetch sessions: 401]
 WARN  [Error: Failed to register push token: 401]
 WARN  [Error: Failed to fetch artifacts: 401]
 WARN  [Error: Failed to register push token: 401]
 WARN  [Error: Failed to sync settings: Invalid token]
 WARN  [Error: Failed to fetch profile: 401]
 WARN  [Error: Failed to fetch profile: 401]
 WARN  [Error: Failed to fetch sessions: 401]
 WARN  [Error: Failed to fetch artifacts: 401]
 WARN  [Error: Failed to register push token: 401]
 WARN  [Error: Failed to fetch sessions: 401]
 WARN  [Error: Failed to sync settings: Invalid token]
 WARN  [Error: Failed to fetch profile: 401]
 WARN  [Error: Failed to fetch sessions: 401]
 WARN  [Error: Failed to sync settings: Invalid token]
 WARN  [Error: Failed to sync settings: Invalid token]
 WARN  [Error: Failed to fetch sessions: 401]
 WARN  [Error: Failed to sync settings: Invalid token]
 WARN  [Error: Failed to sync settings: Invalid token]
 WARN  [Error: Failed to register push token: 401]
 WARN  [Error: Failed to sync settings: Invalid token]
 WARN  [Error: Failed to fetch artifacts: 401]
 WARN  [Error: Failed to fetch profile: 401]
 WARN  [Error: Failed to sync settings: Invalid token]
 WARN  [Error: Failed to fetch sessions: 401]
 WARN  [Error: Failed to fetch artifacts: 401]
 WARN  [Error: Failed to fetch profile: 401]
 WARN  [Error: Failed to fetch artifacts: 401]
 WARN  [Error: Failed to register push token: 401]
 WARN  [Error: Failed to sync settings: Invalid token]
 WARN  [Error: Failed to fetch profile: 401]
 WARN  [Error: Failed to fetch sessions: 401]
 WARN  [Error: Failed to fetch artifacts: 401]
 WARN  [Error: Failed to register push token: 401]
 WARN  [Error: Failed to sync settings: Invalid token]
 WARN  [Error: Failed to register push token: 401]
 WARN  [Error: Failed to fetch artifacts: 401]
 WARN  [Error: Failed to fetch profile: 401]
 WARN  [Error: Failed to fetch sessions: 401]
 WARN  [Error: Failed to fetch profile: 401]
 WARN  [Error: Failed to sync settings: Invalid token]
 WARN  [Error: Failed to register push token: 401]
 WARN  [Error: Failed to fetch artifacts: 401]
 WARN  [Error: Failed to fetch sessions: 401]
 WARN  [Error: Failed to register push token: 401]
 WARN  [Error: Failed to fetch profile: 401]
 WARN  [Error: Failed to sync settings: Invalid token]
 WARN  [Error: Failed to fetch sessions: 401]
 WARN  [Error: Failed to sync settings: Invalid token]
 WARN  [Error: Failed to sync settings: Invalid token]
 WARN  [Error: Failed to fetch artifacts: 401]
 WARN  [Error: Failed to fetch sessions: 401]
 WARN  [Error: Failed to register push token: 401]
 WARN  [Error: Failed to fetch artifacts: 401]
 WARN  [Error: Failed to fetch profile: 401]
 WARN  [Error: Failed to register push token: 401]
 WARN  [Error: Failed to fetch sessions: 401]
 WARN  [Error: Failed to fetch artifacts: 401]
 WARN  [Error: Failed to fetch artifacts: 401]
 WARN  [Error: Failed to register push token: 401]
 WARN  [Error: Failed to fetch sessions: 401]
 WARN  [Error: Failed to sync settings: Invalid token]
 WARN  [Error: Failed to fetch profile: 401]
 WARN  [Error: Failed to fetch artifacts: 401]
 WARN  [Error: Failed to fetch sessions: 401]
 WARN  [Error: Failed to fetch profile: 401]
 WARN  [Error: Failed to fetch artifacts: 401]
 WARN  [Error: Failed to register push token: 401]
 WARN  [Error: Failed to register push token: 401]
 WARN  [Error: Failed to sync settings: Invalid token]
 WARN  [Error: Failed to fetch profile: 401]
 WARN  [Error: Failed to fetch sessions: 401]
 WARN  [Error: Failed to register push token: 401]
 WARN  [Error: Failed to fetch profile: 401]
 WARN  [Error: Failed to register push token: 401]
 WARN  [Error: Failed to fetch artifacts: 401]
 WARN  [Error: Failed to sync settings: Invalid token]
 WARN  [Error: Failed to fetch artifacts: 401]
 WARN  [Error: Failed to fetch sessions: 401]
 WARN  [Error: Failed to fetch artifacts: 401]
 WARN  [Error: Failed to sync settings: Invalid token]
 WARN  [Error: Failed to fetch profile: 401]
 WARN  [Error: Failed to fetch artifacts: 401]
 WARN  [Error: Failed to sync settings: Invalid token]
 WARN  [Error: Failed to fetch artifacts: 401]
 WARN  [Error: Failed to register push token: 401]
 WARN  [Error: Failed to register push token: 401]
 WARN  [Error: Failed to sync settings: Invalid token]
 WARN  [Error: Failed to fetch profile: 401]
 WARN  [Error: Failed to register push token: 401]
 WARN  [Error: Failed to fetch sessions: 401]
 WARN  [Error: Failed to register push token: 401]
 WARN  [Error: Failed to sync settings: Invalid token]
 WARN  [Error: Failed to fetch profile: 401]
 WARN  [Error: Failed to fetch sessions: 401]
 WARN  [Error: Failed to fetch artifacts: 401]
 WARN  [Error: Failed to register push token: 401]
 WARN  [Error: Failed to sync settings: Invalid token]
 WARN  [Error: Failed to fetch profile: 401]
 WARN  [Error: Failed to fetch profile: 401]
 WARN  [Error: Failed to fetch sessions: 401]
 WARN  [Error: Failed to fetch artifacts: 401]
 WARN  [Error: Failed to register push token: 401]
 WARN  [Error: Failed to register push token: 401]
 WARN  [Error: Failed to register push token: 401]
 WARN  [Error: Failed to sync settings: Invalid token]
 WARN  [Error: Failed to fetch artifacts: 401]
 WARN  [Error: Failed to sync settings: Invalid token]
 WARN  [Error: Failed to fetch profile: 401]
 WARN  [Error: Failed to fetch artifacts: 401]
 WARN  [Error: Failed to fetch sessions: 401]
 WARN  [Error: Failed to fetch sessions: 401]
 WARN  [Error: Failed to register push token: 401]
 WARN  [Error: Failed to fetch artifacts: 401]
 WARN  [Error: Failed to register push token: 401]
 WARN  [Error: Failed to register push token: 401]
 WARN  [Error: Failed to sync settings: Invalid token]
 WARN  [Error: Failed to fetch profile: 401]
 WARN  [Error: Failed to fetch profile: 401]
 WARN  [Error: Failed to fetch sessions: 401]
 WARN  [Error: Failed to sync settings: Invalid token]
 WARN  [Error: Failed to register push token: 401]
 WARN  [Error: Failed to fetch artifacts: 401]
 WARN  [Error: Failed to fetch sessions: 401]
 WARN  [Error: Failed to fetch profile: 401]
 WARN  [Error: Failed to fetch artifacts: 401]
 WARN  [Error: Failed to sync settings: Invalid token]
 WARN  [Error: Failed to register push token: 401]
 WARN  [Error: Failed to fetch profile: 401]
 WARN  [Error: Failed to sync settings: Invalid token]
 WARN  [Error: Failed to register push token: 401]
 WARN  [Error: Failed to fetch profile: 401]
 WARN  [Error: Failed to fetch sessions: 401]
 WARN  [Error: Failed to sync settings: Invalid token]
 WARN  [Error: Failed to fetch artifacts: 401]
 WARN  [Error: Failed to sync settings: Invalid token]
 WARN  [Error: Failed to fetch sessions: 401]
 WARN  [Error: Failed to fetch sessions: 401]
 WARN  [Error: Failed to fetch sessions: 401]
 WARN  [Error: Failed to fetch profile: 401]
 WARN  [Error: Failed to fetch artifacts: 401]
 WARN  [Error: Failed to register push token: 401]
 WARN  [Error: Failed to fetch profile: 401]
 WARN  [Error: Failed to sync settings: Invalid token]
 WARN  [Error: Failed to fetch sessions: 401]
 WARN  [Error: Failed to fetch profile: 401]
 WARN  [Error: Failed to register push token: 401]
 WARN  [Error: Failed to fetch sessions: 401]
 WARN  [Error: Failed to fetch sessions: 401]
 WARN  [Error: Failed to fetch artifacts: 401]
 WARN  [Error: Failed to fetch sessions: 401]
 WARN  [Error: Failed to fetch profile: 401]
 WARN  [Error: Failed to sync settings: Invalid token]
 WARN  [Error: Failed to fetch artifacts: 401]
 WARN  [Error: Failed to register push token: 401]
 WARN  [Error: Failed to fetch profile: 401]
 WARN  [Error: Failed to fetch profile: 401]
 WARN  [Error: Failed to sync settings: Invalid token]
 WARN  [Error: Failed to fetch sessions: 401]
 WARN  [Error: Failed to sync settings: Invalid token]
 WARN  [Error: Failed to register push token: 401]
 WARN  [Error: Failed to register push token: 401]
 WARN  [Error: Failed to fetch artifacts: 401]
 WARN  [Error: Failed to fetch sessions: 401]
 WARN  [Error: Failed to fetch artifacts: 401]
 WARN  [Error: Failed to register push token: 401]
 WARN  [Error: Failed to fetch profile: 401]
 WARN  [Error: Failed to sync settings: Invalid token]
 WARN  [Error: Failed to fetch sessions: 401]
 WARN  [Error: Failed to fetch profile: 401]
 WARN  [Error: Failed to fetch sessions: 401]
 WARN  [Error: Failed to sync settings: Invalid token]
 WARN  [Error: Failed to sync settings: Invalid token]
 WARN  [Error: Failed to register push token: 401]
 WARN  [Error: Failed to fetch artifacts: 401]
 WARN  [Error: Failed to fetch sessions: 401]
 WARN  [Error: Failed to sync settings: Invalid token]
 WARN  [Error: Failed to register push token: 401]
 WARN  [Error: Failed to fetch artifacts: 401]
 WARN  [Error: Failed to fetch artifacts: 401]
 WARN  [Error: Failed to fetch profile: 401]
 WARN  [Error: Failed to fetch sessions: 401]
 WARN  [Error: Failed to sync settings: Invalid token]
 WARN  [Error: Failed to sync settings: Invalid token]
 WARN  [Error: Failed to fetch artifacts: 401]
 WARN  [Error: Failed to fetch profile: 401]
 WARN  [Error: Failed to sync settings: Invalid token]
 WARN  [Error: Failed to register push token: 401]
 WARN  [Error: Failed to sync settings: Invalid token]
 WARN  [Error: Failed to fetch artifacts: 401]
 WARN  [Error: Failed to fetch sessions: 401]
 WARN  [Error: Failed to fetch artifacts: 401]
 WARN  [Error: Failed to fetch profile: 401]
 WARN  [Error: Failed to fetch artifacts: 401]
 WARN  [Error: Failed to fetch sessions: 401]
 WARN  [Error: Failed to fetch sessions: 401]
 WARN  [Error: Failed to fetch artifacts: 401]
 WARN  [Error: Failed to sync settings: Invalid token]
 WARN  [Error: Failed to register push token: 401]
 WARN  [Error: Failed to sync settings: Invalid token]
 WARN  [Error: Failed to fetch artifacts: 401]
 WARN  [Error: Failed to sync settings: Invalid token]
 WARN  [Error: Failed to fetch artifacts: 401]
 WARN  [Error: Failed to fetch profile: 401]
 WARN  [Error: Failed to fetch sessions: 401]
 WARN  [Error: Failed to fetch profile: 401]
 WARN  [Error: Failed to sync settings: Invalid token]
 WARN  [Error: Failed to register push token: 401]
 WARN  [Error: Failed to fetch artifacts: 401]
 WARN  [Error: Failed to fetch sessions: 401]
 WARN  [Error: Failed to sync settings: Invalid token]
 WARN  [Error: Failed to fetch profile: 401]
 WARN  [Error: Failed to register push token: 401]
 WARN  [Error: Failed to sync settings: Invalid token]
 WARN  [Error: Failed to fetch artifacts: 401]
 WARN  [Error: Failed to sync settings: Invalid token]
 WARN  [Error: Failed to fetch artifacts: 401]
 WARN  [Error: Failed to fetch sessions: 401]
 WARN  [Error: Failed to fetch profile: 401]
 WARN  [Error: Failed to register push token: 401]
 WARN  [Error: Failed to register push token: 401]
 WARN  [Error: Failed to sync settings: Invalid token]
 WARN  [Error: Failed to fetch sessions: 401]
 WARN  [Error: Failed to fetch profile: 401]
 WARN  [Error: Failed to fetch artifacts: 401]
 WARN  [Error: Failed to register push token: 401]
 WARN  [Error: Failed to sync settings: Invalid token]
 WARN  [Error: Failed to fetch profile: 401]
 WARN  [Error: Failed to register push token: 401]
 WARN  [Error: Failed to fetch profile: 401]
 WARN  [Error: Failed to sync settings: Invalid token]
 WARN  [Error: Failed to fetch sessions: 401]
 WARN  [Error: Failed to fetch artifacts: 401]
 WARN  [Error: Failed to register push token: 401]
 WARN  [Error: Failed to sync settings: Invalid token]
 WARN  [Error: Failed to register push token: 401]
 WARN  [Error: Failed to fetch profile: 401]
 WARN  [Error: Failed to fetch artifacts: 401]
 WARN  [Error: Failed to sync settings: Invalid token]
 WARN  [Error: Failed to fetch sessions: 401]
 WARN  [Error: Failed to fetch profile: 401]
 WARN  [Error: Failed to sync settings: Invalid token]
 WARN  [Error: Failed to fetch artifacts: 401]
 WARN  [Error: Failed to fetch sessions: 401]
 WARN  [Error: Failed to register push token: 401]
 WARN  [Error: Failed to fetch sessions: 401]
 WARN  [Error: Failed to fetch artifacts: 401]
 WARN  [Error: Failed to fetch profile: 401]
 WARN  [Error: Failed to sync settings: Invalid token]
 WARN  [Error: Failed to fetch sessions: 401]
 WARN  [Error: Failed to register push token: 401]
 WARN  [Error: Failed to sync settings: Invalid token]
 WARN  [Error: Failed to fetch artifacts: 401]
 WARN  [Error: Failed to fetch profile: 401]
 WARN  [Error: Failed to fetch sessions: 401]
 WARN  [Error: Failed to register push token: 401]
 WARN  [Error: Failed to sync settings: Invalid token]
 WARN  [Error: Failed to fetch artifacts: 401]
 WARN  [Error: Failed to fetch profile: 401]
 WARN  [Error: Failed to fetch sessions: 401]
 WARN  [Error: Failed to fetch artifacts: 401]
 WARN  [Error: Failed to sync settings: Invalid token]
 WARN  [Error: Failed to register push token: 401]
 WARN  [Error: Failed to fetch sessions: 401]
 WARN  [Error: Failed to fetch profile: 401]
 WARN  [Error: Failed to sync settings: Invalid token]
 WARN  [Error: Failed to register push token: 401]
 WARN  [Error: Failed to fetch artifacts: 401]
 WARN  [Error: Failed to fetch sessions: 401]
 WARN  [Error: Failed to fetch sessions: 401]
 WARN  [Error: Failed to fetch profile: 401]
 WARN  [Error: Failed to register push token: 401]
 WARN  [Error: Failed to sync settings: Invalid token]
 WARN  [Error: Failed to fetch sessions: 401]
 WARN  [Error: Failed to fetch artifacts: 401]
 WARN  [Error: Failed to fetch profile: 401]
 WARN  [Error: Failed to fetch artifacts: 401]
 WARN  [Error: Failed to fetch sessions: 401]
 WARN  [Error: Failed to register push token: 401]
 WARN  [Error: Failed to sync settings: Invalid token]
 WARN  [Error: Failed to register push token: 401]
 WARN  [Error: Failed to fetch sessions: 401]
 WARN  [Error: Failed to sync settings: Invalid token]
 WARN  [Error: Failed to sync settings: Invalid token]
 WARN  [Error: Failed to fetch profile: 401]
 WARN  [Error: Failed to fetch artifacts: 401]
 WARN  [Error: Failed to sync settings: Invalid token]
 WARN  [Error: Failed to fetch profile: 401]
 WARN  [Error: Failed to fetch sessions: 401]
 WARN  [Error: Failed to register push token: 401]
 WARN  [Error: Failed to fetch sessions: 401]
 WARN  [Error: Failed to fetch artifacts: 401]
 WARN  [Error: Failed to register push token: 401]
 WARN  [Error: Failed to sync settings: Invalid token]
 WARN  [Error: Failed to fetch profile: 401]
 WARN  [Error: Failed to register push token: 401]
 WARN  [Error: Failed to fetch profile: 401]
 WARN  [Error: Failed to fetch artifacts: 401]
 WARN  [Error: Failed to fetch artifacts: 401]
 WARN  [Error: Failed to fetch sessions: 401]
 WARN  [Error: Failed to sync settings: Invalid token]
 WARN  [Error: Failed to register push token: 401]
 WARN  [Error: Failed to fetch profile: 401]
 WARN  [Error: Failed to fetch profile: 401]
 WARN  [Error: Failed to sync settings: Invalid token]
 WARN  [Error: Failed to fetch sessions: 401]
 WARN  [Error: Failed to fetch artifacts: 401]
 WARN  [Error: Failed to register push token: 401]
 WARN  [Error: Failed to register push token: 401]
 WARN  [Error: Failed to sync settings: Invalid token]
 WARN  [Error: Failed to fetch artifacts: 401]
 WARN  [Error: Failed to sync settings: Invalid token]
 WARN  [Error: Failed to fetch profile: 401]
 WARN  [Error: Failed to fetch sessions: 401]
 WARN  [Error: Failed to fetch sessions: 401]
 WARN  [Error: Failed to fetch sessions: 401]
 WARN  [Error: Failed to register push token: 401]
 WARN  [Error: Failed to fetch artifacts: 401]
 WARN  [Error: Failed to fetch sessions: 401]
 WARN  [Error: Failed to sync settings: Invalid token]
 WARN  [Error: Failed to fetch profile: 401]
 WARN  [Error: Failed to fetch artifacts: 401]
 WARN  [Error: Failed to fetch profile: 401]
 WARN  [Error: Failed to register push token: 401]
 WARN  [Error: Failed to fetch sessions: 401]
 WARN  [Error: Failed to fetch artifacts: 401]
 WARN  [Error: Failed to sync settings: Invalid token]
 WARN  [Error: Failed to sync settings: Invalid token]
 WARN  [Error: Failed to fetch sessions: 401]
 WARN  [Error: Failed to sync settings: Invalid token]
 WARN  [Error: Failed to sync settings: Invalid token]
 WARN  [Error: Failed to sync settings: Invalid token]
 WARN  [Error: Failed to fetch artifacts: 401]
 WARN  [Error: Failed to register push token: 401]
 WARN  [Error: Failed to sync settings: Invalid token]
 WARN  [Error: Failed to register push token: 401]
 WARN  [Error: Failed to fetch profile: 401]
 WARN  [Error: Failed to fetch sessions: 401]
 WARN  [Error: Failed to fetch artifacts: 401]
 WARN  [Error: Failed to sync settings: Invalid token]
 WARN  [Error: Failed to fetch sessions: 401]
 WARN  [Error: Failed to register push token: 401]
 WARN  [Error: Failed to fetch artifacts: 401]
 WARN  [Error: Failed to fetch profile: 401]
 WARN  [Error: Failed to sync settings: Invalid token]
 WARN  [Error: Failed to register push token: 401]
 WARN  [Error: Failed to fetch artifacts: 401]
 WARN  [Error: Failed to fetch profile: 401]
 WARN  [Error: Failed to register push token: 401]
 WARN  [Error: Failed to fetch profile: 401]
 WARN  [Error: Failed to fetch sessions: 401]
 WARN  [Error: Failed to fetch artifacts: 401]
 WARN  [Error: Failed to fetch artifacts: 401]
 WARN  [Error: Failed to fetch sessions: 401]
 WARN  [Error: Failed to register push token: 401]
 WARN  [Error: Failed to fetch artifacts: 401]
 WARN  [Error: Failed to sync settings: Invalid token]
 WARN  [Error: Failed to fetch sessions: 401]
 WARN  [Error: Failed to fetch profile: 401]
 WARN  [Error: Failed to fetch artifacts: 401]
 WARN  [Error: Failed to fetch artifacts: 401]
 WARN  [Error: Failed to sync settings: Invalid token]
 WARN  [Error: Failed to register push token: 401]
 WARN  [Error: Failed to fetch sessions: 401]
 WARN  [Error: Failed to register push token: 401]
 WARN  [Error: Failed to register push token: 401]
 WARN  [Error: Failed to register push token: 401]
 WARN  [Error: Failed to fetch profile: 401]
 WARN  [Error: Failed to sync settings: Invalid token]
 WARN  [Error: Failed to register push token: 401]
 WARN  [Error: Failed to fetch artifacts: 401]
 WARN  [Error: Failed to register push token: 401]
 WARN  [Error: Failed to fetch sessions: 401]
 WARN  [Error: Failed to register push token: 401]
 WARN  [Error: Failed to fetch sessions: 401]
 WARN  [Error: Failed to sync settings: Invalid token]
 WARN  [Error: Failed to fetch profile: 401]
 WARN  [Error: Failed to fetch profile: 401]
 WARN  [Error: Failed to fetch artifacts: 401]
 WARN  [Error: Failed to fetch profile: 401]
 WARN  [Error: Failed to fetch profile: 401]
 WARN  [Error: Failed to sync settings: Invalid token]
 WARN  [Error: Failed to sync settings: Invalid token]
 WARN  [Error: Failed to register push token: 401]
 WARN  [Error: Failed to register push token: 401]
 WARN  [Error: Failed to fetch sessions: 401]
 WARN  [Error: Failed to register push token: 401]
 WARN  [Error: Failed to fetch sessions: 401]
 WARN  [Error: Failed to fetch profile: 401]
 WARN  [Error: Failed to fetch artifacts: 401]
 WARN  [Error: Failed to fetch sessions: 401]
 WARN  [Error: Failed to fetch profile: 401]
 WARN  [Error: Failed to sync settings: Invalid token]
 WARN  [Error: Failed to fetch profile: 401]
 WARN  [Error: Failed to register push token: 401]
 WARN  [Error: Failed to fetch artifacts: 401]
 WARN  [Error: Failed to register push token: 401]
 WARN  [Error: Failed to fetch artifacts: 401]
 WARN  [Error: Failed to fetch sessions: 401]
 WARN  [Error: Failed to sync settings: Invalid token]
 WARN  [Error: Failed to fetch profile: 401]
 WARN  [Error: Failed to sync settings: Invalid token]
 WARN  [Error: Failed to fetch profile: 401]
 WARN  [Error: Failed to register push token: 401]
 WARN  [Error: Failed to sync settings: Invalid token]
 WARN  [Error: Failed to fetch artifacts: 401]
 WARN  [Error: Failed to fetch sessions: 401]
 WARN  [Error: Failed to fetch artifacts: 401]
 WARN  [Error: Failed to fetch profile: 401]
 WARN  [Error: Failed to register push token: 401]
 WARN  [Error: Failed to fetch artifacts: 401]
 WARN  [Error: Failed to fetch sessions: 401]
 WARN  [Error: Failed to sync settings: Invalid token]
 WARN  [Error: Failed to fetch profile: 401]
 WARN  [Error: Failed to register push token: 401]
 WARN  [Error: Failed to fetch sessions: 401]
 WARN  [Error: Failed to register push token: 401]
 WARN  [Error: Failed to fetch artifacts: 401]
 WARN  [Error: Failed to fetch sessions: 401]
 WARN  [Error: Failed to register push token: 401]
 WARN  [Error: Failed to fetch sessions: 401]
 WARN  [Error: Failed to sync settings: Invalid token]
 WARN  [Error: Failed to fetch artifacts: 401]
 WARN  [Error: Failed to register push token: 401]
 WARN  [Error: Failed to register push token: 401]
 WARN  [Error: Failed to sync settings: Invalid token]
 WARN  [Error: Failed to fetch profile: 401]
 WARN  [Error: Failed to register push token: 401]
 WARN  [Error: Failed to fetch sessions: 401]
 WARN  [Error: Failed to fetch profile: 401]
 WARN  [Error: Failed to sync settings: Invalid token]
 WARN  [Error: Failed to fetch artifacts: 401]
 WARN  [Error: Failed to register push token: 401]
 WARN  [Error: Failed to fetch artifacts: 401]
 WARN  [Error: Failed to fetch profile: 401]
 WARN  [Error: Failed to fetch sessions: 401]
 WARN  [Error: Failed to fetch artifacts: 401]
 WARN  [Error: Failed to register push token: 401]
 WARN  [Error: Failed to sync settings: Invalid token]
 WARN  [Error: Failed to fetch sessions: 401]
 WARN  [Error: Failed to fetch profile: 401]
 WARN  [Error: Failed to fetch profile: 401]
 WARN  [Error: Failed to sync settings: Invalid token]
 WARN  [Error: Failed to sync settings: Invalid token]
 WARN  [Error: Failed to register push token: 401]
 WARN  [Error: Failed to register push token: 401]
 WARN  [Error: Failed to sync settings: Invalid token]
 WARN  [Error: Failed to fetch artifacts: 401]
 WARN  [Error: Failed to fetch profile: 401]
 WARN  [Error: Failed to fetch artifacts: 401]
 WARN  [Error: Failed to fetch sessions: 401]
 WARN  [Error: Failed to sync settings: Invalid token]
 WARN  [Error: Failed to fetch profile: 401]
 WARN  [Error: Failed to register push token: 401]
 WARN  [Error: Failed to fetch sessions: 401]
 WARN  [Error: Failed to fetch artifacts: 401]
 WARN  [Error: Failed to fetch profile: 401]
 WARN  [Error: Failed to register push token: 401]
 WARN  [Error: Failed to sync settings: Invalid token]
 WARN  [Error: Failed to fetch artifacts: 401]
 WARN  [Error: Failed to register push token: 401]
 WARN  [Error: Failed to fetch profile: 401]
 WARN  [Error: Failed to sync settings: Invalid token]
 WARN  [Error: Failed to fetch profile: 401]
 WARN  [Error: Failed to fetch artifacts: 401]
 WARN  [Error: Failed to fetch profile: 401]
 WARN  [Error: Failed to register push token: 401]
 WARN  [Error: Failed to fetch sessions: 401]
 WARN  [Error: Failed to sync settings: Invalid token]
 WARN  [Error: Failed to fetch profile: 401]
 WARN  [Error: Failed to fetch profile: 401]
 WARN  [Error: Failed to sync settings: Invalid token]
 WARN  [Error: Failed to fetch profile: 401]
 WARN  [Error: Failed to sync settings: Invalid token]
 WARN  [Error: Failed to fetch artifacts: 401]
 WARN  [Error: Failed to fetch sessions: 401]
 WARN  [Error: Failed to fetch profile: 401]
 WARN  [Error: Failed to fetch artifacts: 401]
 WARN  [Error: Failed to register push token: 401]
 WARN  [Error: Failed to fetch profile: 401]
 WARN  [Error: Failed to sync settings: Invalid token]
 WARN  [Error: Failed to fetch artifacts: 401]
 WARN  [Error: Failed to fetch sessions: 401]
 WARN  [Error: Failed to sync settings: Invalid token]
 WARN  [Error: Failed to fetch sessions: 401]
 WARN  [Error: Failed to register push token: 401]
 WARN  [Error: Failed to fetch profile: 401]
 WARN  [Error: Failed to fetch profile: 401]
 WARN  [Error: Failed to fetch artifacts: 401]
 WARN  [Error: Failed to fetch profile: 401]
 WARN  [Error: Failed to sync settings: Invalid token]
 WARN  [Error: Failed to fetch artifacts: 401]
 WARN  [Error: Failed to fetch sessions: 401]
 WARN  [Error: Failed to register push token: 401]
 WARN  [Error: Failed to fetch profile: 401]
 WARN  [Error: Failed to fetch artifacts: 401]
 WARN  [Error: Failed to fetch profile: 401]
 WARN  [Error: Failed to fetch sessions: 401]
 WARN  [Error: Failed to register push token: 401]
 WARN  [Error: Failed to fetch artifacts: 401]
 WARN  [Error: Failed to sync settings: Invalid token]
 WARN  [Error: Failed to sync settings: Invalid token]
 WARN  [Error: Failed to fetch artifacts: 401]
 WARN  [Error: Failed to fetch profile: 401]
 WARN  [Error: Failed to fetch artifacts: 401]
 WARN  [Error: Failed to register push token: 401]
 WARN  [Error: Failed to fetch profile: 401]
 WARN  [Error: Failed to fetch sessions: 401]
 WARN  [Error: Failed to sync settings: Invalid token]
 WARN  [Error: Failed to fetch artifacts: 401]
 WARN  [Error: Failed to register push token: 401]
 WARN  [Error: Failed to fetch sessions: 401]
 WARN  [Error: Failed to sync settings: Invalid token]
 WARN  [Error: Failed to fetch sessions: 401]
 WARN  [Error: Failed to fetch profile: 401]
 WARN  [Error: Failed to fetch artifacts: 401]
 WARN  [Error: Failed to fetch sessions: 401]
 WARN  [Error: Failed to register push token: 401]
 WARN  [Error: Failed to sync settings: Invalid token]
 WARN  [Error: Failed to fetch artifacts: 401]
 WARN  [Error: Failed to fetch profile: 401]
 WARN  [Error: Failed to fetch sessions: 401]
 WARN  [Error: Failed to sync settings: Invalid token]
 WARN  [Error: Failed to fetch artifacts: 401]
 WARN  [Error: Failed to register push token: 401]
 WARN  [Error: Failed to fetch profile: 401]
 WARN  [Error: Failed to register push token: 401]
 WARN  [Error: Failed to sync settings: Invalid token]
 WARN  [Error: Failed to fetch sessions: 401]
 WARN  [Error: Failed to fetch artifacts: 401]
 WARN  [Error: Failed to register push token: 401]
 WARN  [Error: Failed to sync settings: Invalid token]
 WARN  [Error: Failed to fetch sessions: 401]
 WARN  [Error: Failed to fetch artifacts: 401]
 WARN  [Error: Failed to register push token: 401]
 WARN  [Error: Failed to fetch artifacts: 401]
 WARN  [Error: Failed to fetch profile: 401]
 WARN  [Error: Failed to fetch profile: 401]
 WARN  [Error: Failed to sync settings: Invalid token]
 WARN  [Error: Failed to fetch sessions: 401]
 WARN  [Error: Failed to fetch profile: 401]
 WARN  [Error: Failed to fetch artifacts: 401]
 WARN  [Error: Failed to register push token: 401]
 WARN  [Error: Failed to fetch sessions: 401]
 WARN  [Error: Failed to register push token: 401]
 WARN  [Error: Failed to fetch sessions: 401]
 WARN  [Error: Failed to fetch artifacts: 401]
 WARN  [Error: Failed to sync settings: Invalid token]
 WARN  [Error: Failed to fetch profile: 401]
 WARN  [Error: Failed to sync settings: Invalid token]
 WARN  [Error: Failed to register push token: 401]
 WARN  [Error: Failed to fetch profile: 401]
 WARN  [Error: Failed to fetch profile: 401]
 WARN  [Error: Failed to fetch sessions: 401]
 WARN  [Error: Failed to fetch artifacts: 401]
 WARN  [Error: Failed to fetch profile: 401]
 WARN  [Error: Failed to register push token: 401]
 WARN  [Error: Failed to fetch sessions: 401]
 WARN  [Error: Failed to sync settings: Invalid token]
 WARN  [Error: Failed to register push token: 401]
 WARN  [Error: Failed to fetch artifacts: 401]
 WARN  [Error: Failed to fetch profile: 401]
 WARN  [Error: Failed to sync settings: Invalid token]
 WARN  [Error: Failed to register push token: 401]
 WARN  [Error: Failed to register push token: 401]
 WARN  [Error: Failed to fetch profile: 401]
 WARN  [Error: Failed to fetch sessions: 401]
 WARN  [Error: Failed to sync settings: Invalid token]
 WARN  [Error: Failed to fetch artifacts: 401]
 WARN  [Error: Failed to register push token: 401]
 WARN  [Error: Failed to fetch sessions: 401]
 WARN  [Error: Failed to sync settings: Invalid token]
 WARN  [Error: Failed to fetch profile: 401]
 WARN  [Error: Failed to fetch sessions: 401]
 WARN  [Error: Failed to sync settings: Invalid token]
 WARN  [Error: Failed to fetch artifacts: 401]
 WARN  [Error: Failed to register push token: 401]
 WARN  [Error: Failed to fetch profile: 401]
 WARN  [Error: Failed to sync settings: Invalid token]
 WARN  [Error: Failed to fetch profile: 401]
 WARN  [Error: Failed to fetch artifacts: 401]
 WARN  [Error: Failed to fetch sessions: 401]
 WARN  [Error: Failed to fetch profile: 401]
 WARN  [Error: Failed to fetch profile: 401]
 WARN  [Error: Failed to register push token: 401]
 WARN  [Error: Failed to sync settings: Invalid token]
 WARN  [Error: Failed to sync settings: Invalid token]
 WARN  [Error: Failed to fetch sessions: 401]
 WARN  [Error: Failed to fetch artifacts: 401]
 WARN  [Error: Failed to register push token: 401]
 WARN  [Error: Failed to fetch profile: 401]
 WARN  [Error: Failed to fetch sessions: 401]
 WARN  [Error: Failed to register push token: 401]
 WARN  [Error: Failed to fetch profile: 401]
 WARN  [Error: Failed to sync settings: Invalid token]
 WARN  [Error: Failed to register push token: 401]
 WARN  [Error: Failed to fetch sessions: 401]
 WARN  [Error: Failed to fetch artifacts: 401]
 WARN  [Error: Failed to fetch profile: 401]
 WARN  [Error: Failed to register push token: 401]
 WARN  [Error: Failed to sync settings: Invalid token]
Android Bundled 107ms packages/lyntty-app/index.ts (1 module)
 LOG  calling Libsodium.install
 LOG  [loadAppConfig] Loaded from ExponentConstants: ["elevenLabsAgentId", "consoleLoggingDefault"]
 LOG  [loadAppConfig] Loaded from Constants.expoConfig: ["elevenLabsAgentId", "consoleLoggingDefault", "buildCommitSha", "buildCommitTimestamp"]
 LOG  [loadAppConfig] Final merged config: {
  "elevenLabsAgentId": "agent_6701k211syvvegba4kt7m68nxjmw",
  "consoleLoggingDefault": true,
  "buildCommitSha": "262afd934e17b3821588fcf5c2e26e73fab595c5",
  "buildCommitTimestamp": "2026-07-01T15:33:03+08:00"
}
 LOG  [ConsoleLogging] Initialized (output enabled)
 WARN  [Error: Failed to fetch sessions: 401]
 WARN  [Error: Failed to fetch profile: 401]
 ERROR  Failed to fetch machines: 401
 WARN  [Error: Failed to fetch artifacts: 401]
 ERROR  Failed to fetch artifacts: [Error: Failed to fetch artifacts: 401]
 WARN  [Error: Failed to fetch artifacts: 401]
 WARN  [Error: Failed to sync settings: Invalid token]
 WARN  [Error: Failed to register push token: 401]
 ERROR  [Error: Uncaught (in promise, id: 0) Error: Failed to fetch sessions: 401]
 ERROR  [Error: Uncaught (in promise, id: 1) Error: Failed to fetch profile: 401]
 ERROR  [Error: Uncaught (in promise, id: 2) Error: Failed to fetch artifacts: 401]
 ERROR  [Error: Uncaught (in promise, id: 3) Error: Failed to sync settings: Invalid token]
Android packages/lyntty-app/index.ts ░░░░░░░░░░░░░░░░  0.0% (0/1)
Android Bundled 89ms packages/lyntty-app/index.ts (1 module)
 LOG  calling Libsodium.install
 LOG  [loadAppConfig] Loaded from ExponentConstants: ["elevenLabsAgentId", "consoleLoggingDefault"]
 LOG  [loadAppConfig] Loaded from Constants.expoConfig: ["elevenLabsAgentId", "consoleLoggingDefault", "buildCommitSha", "buildCommitTimestamp"]
 LOG  [loadAppConfig] Final merged config: {
  "elevenLabsAgentId": "agent_6701k211syvvegba4kt7m68nxjmw",
  "consoleLoggingDefault": true,
  "buildCommitSha": "262afd934e17b3821588fcf5c2e26e73fab595c5",
  "buildCommitTimestamp": "2026-07-01T15:33:03+08:00"
}
 LOG  [ConsoleLogging] Initialized (output enabled)
 WARN  [Error: Failed to fetch sessions: 401]
 WARN  [auth] Invalid credentials detected; clearing local auth: Failed to fetch sessions: 401
 ERROR  Failed to fetch machines: 401
 WARN  [Error: Failed to fetch profile: 401]
 WARN  [Error: Failed to fetch artifacts: 401]
 ERROR  Failed to fetch artifacts: [Error: Failed to fetch artifacts: 401]
 WARN  [Error: Failed to fetch artifacts: 401]
 WARN  [Error: Failed to sync settings: Invalid token]
 WARN  [Error: Failed to register push token: 401]
 WARN  Sync already initialized: ignoring
Android packages/lyntty-app/index.ts ░░░░░░░░░░░░░░░░  0.0% (0/1)
Android Bundled 100ms packages/lyntty-app/index.ts (1 module)
 LOG  calling Libsodium.install
 LOG  [loadAppConfig] Loaded from ExponentConstants: ["elevenLabsAgentId", "consoleLoggingDefault"]
 LOG  [loadAppConfig] Loaded from Constants.expoConfig: ["elevenLabsAgentId", "consoleLoggingDefault", "buildCommitSha", "buildCommitTimestamp"]
 LOG  [loadAppConfig] Final merged config: {
  "elevenLabsAgentId": "agent_6701k211syvvegba4kt7m68nxjmw",
  "consoleLoggingDefault": true,
  "buildCommitSha": "262afd934e17b3821588fcf5c2e26e73fab595c5",
  "buildCommitTimestamp": "2026-07-01T15:33:03+08:00"
}
 LOG  [ConsoleLogging] Initialized (output enabled)
 WARN  [Error: Failed to fetch sessions: 401]
 WARN  [auth] Invalid credentials detected; clearing local auth: Failed to fetch sessions: 401
 WARN  [Error: Failed to fetch profile: 401]
 ERROR  Failed to fetch machines: 401
 WARN  [Error: Failed to fetch artifacts: 401]
 ERROR  Failed to fetch artifacts: [Error: Failed to fetch artifacts: 401]
 WARN  [Error: Failed to fetch artifacts: 401]
 WARN  [Error: Failed to sync settings: Invalid token]
 WARN  [Error: Failed to register push token: 401]
Android packages/lyntty-app/index.ts ░░░░░░░░░░░░░░░░  0.0% (0/1)
Android Bundled 108ms packages/lyntty-app/index.ts (1 module)
 LOG  calling Libsodium.install
 LOG  [loadAppConfig] Loaded from ExponentConstants: ["elevenLabsAgentId", "consoleLoggingDefault"]
 LOG  [loadAppConfig] Loaded from Constants.expoConfig: ["elevenLabsAgentId", "consoleLoggingDefault", "buildCommitSha", "buildCommitTimestamp"]
 LOG  [loadAppConfig] Final merged config: {
  "elevenLabsAgentId": "agent_6701k211syvvegba4kt7m68nxjmw",
  "consoleLoggingDefault": true,
  "buildCommitSha": "262afd934e17b3821588fcf5c2e26e73fab595c5",
  "buildCommitTimestamp": "2026-07-01T15:33:03+08:00"
}
 LOG  [ConsoleLogging] Initialized (output enabled)
 WARN  [Error: Failed to fetch profile: 401]
 WARN  [auth] Invalid credentials detected; clearing local auth: Failed to fetch profile: 401
 ERROR  Failed to fetch machines: 401
 WARN  [Error: Failed to fetch sessions: 401]
 WARN  [Error: Failed to fetch artifacts: 401]
 ERROR  Failed to fetch artifacts: [Error: Failed to fetch artifacts: 401]
 WARN  [Error: Failed to fetch artifacts: 401]
 WARN  [Error: Failed to sync settings: Invalid token]
 WARN  [Error: Failed to register push token: 401]
Android packages/lyntty-app/index.ts ░░░░░░░░░░░░░░░░  0.0% (0/1)
Android Bundled 121ms packages/lyntty-app/index.ts (1 module)
 LOG  calling Libsodium.install
 LOG  [loadAppConfig] Loaded from ExponentConstants: ["elevenLabsAgentId", "consoleLoggingDefault"]
 LOG  [loadAppConfig] Loaded from Constants.expoConfig: ["elevenLabsAgentId", "consoleLoggingDefault", "buildCommitSha", "buildCommitTimestamp"]
 LOG  [loadAppConfig] Final merged config: {
  "elevenLabsAgentId": "agent_6701k211syvvegba4kt7m68nxjmw",
  "consoleLoggingDefault": true,
  "buildCommitSha": "262afd934e17b3821588fcf5c2e26e73fab595c5",
  "buildCommitTimestamp": "2026-07-01T15:33:03+08:00"
}
 LOG  [ConsoleLogging] Initialized (output enabled)
Android packages/lyntty-app/index.ts ░░░░░░░░░░░░░░░░  0.0% (0/1)
Android Bundled 120ms packages/lyntty-app/index.ts (1 module)
 LOG  calling Libsodium.install
 LOG  [loadAppConfig] Loaded from ExponentConstants: ["elevenLabsAgentId", "consoleLoggingDefault"]
 LOG  [loadAppConfig] Loaded from Constants.expoConfig: ["elevenLabsAgentId", "consoleLoggingDefault", "buildCommitSha", "buildCommitTimestamp"]
 LOG  [loadAppConfig] Final merged config: {
  "elevenLabsAgentId": "agent_6701k211syvvegba4kt7m68nxjmw",
  "consoleLoggingDefault": true,
  "buildCommitSha": "262afd934e17b3821588fcf5c2e26e73fab595c5",
  "buildCommitTimestamp": "2026-07-01T15:33:03+08:00"
}
 LOG  [ConsoleLogging] Initialized (output enabled)
Android packages/lyntty-app/index.ts ░░░░░░░░░░░░░░░░  0.0% (0/1)
Android Bundled 128ms packages/lyntty-app/index.ts (1 module)
 LOG  calling Libsodium.install
 LOG  [loadAppConfig] Loaded from ExponentConstants: ["elevenLabsAgentId", "consoleLoggingDefault"]
 LOG  [loadAppConfig] Loaded from Constants.expoConfig: ["elevenLabsAgentId", "consoleLoggingDefault", "buildCommitSha", "buildCommitTimestamp"]
 LOG  [loadAppConfig] Final merged config: {
  "elevenLabsAgentId": "agent_6701k211syvvegba4kt7m68nxjmw",
  "consoleLoggingDefault": true,
  "buildCommitSha": "262afd934e17b3821588fcf5c2e26e73fab595c5",
  "buildCommitTimestamp": "2026-07-01T15:33:03+08:00"
}
 LOG  [ConsoleLogging] Initialized (output enabled)
Android packages/lyntty-app/index.ts ░░░░░░░░░░░░░░░░  0.0% (0/1)
Android Bundled 106ms packages/lyntty-app/index.ts (1 module)
 LOG  calling Libsodium.install
 LOG  [loadAppConfig] Loaded from ExponentConstants: ["elevenLabsAgentId", "consoleLoggingDefault"]
 LOG  [loadAppConfig] Loaded from Constants.expoConfig: ["elevenLabsAgentId", "consoleLoggingDefault", "buildCommitSha", "buildCommitTimestamp"]
 LOG  [loadAppConfig] Final merged config: {
  "elevenLabsAgentId": "agent_6701k211syvvegba4kt7m68nxjmw",
  "consoleLoggingDefault": true,
  "buildCommitSha": "262afd934e17b3821588fcf5c2e26e73fab595c5",
  "buildCommitTimestamp": "2026-07-01T15:33:03+08:00"
}
 LOG  [ConsoleLogging] Initialized (output enabled)
Android packages/lyntty-app/index.ts ░░░░░░░░░░░░░░░░  0.0% (0/1)
Android Bundled 139ms packages/lyntty-app/index.ts (1 module)
 LOG  calling Libsodium.install
 LOG  [loadAppConfig] Loaded from ExponentConstants: ["elevenLabsAgentId", "consoleLoggingDefault"]
 LOG  [loadAppConfig] Loaded from Constants.expoConfig: ["elevenLabsAgentId", "consoleLoggingDefault", "buildCommitSha", "buildCommitTimestamp"]
 LOG  [loadAppConfig] Final merged config: {
  "elevenLabsAgentId": "agent_6701k211syvvegba4kt7m68nxjmw",
  "consoleLoggingDefault": true,
  "buildCommitSha": "262afd934e17b3821588fcf5c2e26e73fab595c5",
  "buildCommitTimestamp": "2026-07-01T15:33:03+08:00"
}
 LOG  [ConsoleLogging] Initialized (output enabled)
