[02:55:02.542] [pi] Received Pi extension event {
  piSessionId: '019f5cd2-1662-7134-98cb-7576bbd5b737',
  eventType: 'session_shutdown',
  eventReason: undefined,
  eventId: 35,
  extensionInstanceId: '1fcde0ea-ca17-43f5-a7f2-66a757849166',
  activeExtensionInstanceId: '1fcde0ea-ca17-43f5-a7f2-66a757849166',
  ownership: 'current'
}
[02:55:02.544] [API] socket.close() called
[02:55:02.544] [API] Socket disconnected: io client disconnect
[02:55:02.556] Session created/loaded: cmrjkwj3w0003ovtv9re7dcn0 (tag: pi:fa6f66393a722fce877dd40b24f4148d)
[02:55:02.558] [pi] Received Pi extension event {
  piSessionId: '019f5cd2-1662-7134-98cb-7576bbd5b737',
  eventType: 'session_start',
  eventReason: 'reload',
  eventId: 1,
  extensionInstanceId: '66db800c-cdc1-4c74-a2bb-080b6eda2632',
  activeExtensionInstanceId: '66db800c-cdc1-4c74-a2bb-080b6eda2632',
  ownership: 'claimed'
}
[02:55:02.560] [pi] Received Pi extension event {
  piSessionId: '019f5cd2-1662-7134-98cb-7576bbd5b737',
  eventType: 'command_list',
  eventReason: undefined,
  eventId: 2,
  extensionInstanceId: '66db800c-cdc1-4c74-a2bb-080b6eda2632',
  activeExtensionInstanceId: '66db800c-cdc1-4c74-a2bb-080b6eda2632',
  ownership: 'current'
}
[02:55:02.563] Socket connected successfully
[02:55:02.570] In production, skipping message inspection
[02:55:02.578] In production, skipping message inspection
[02:55:02.588] In production, skipping message inspection
[02:55:02.601] In production, skipping message inspection
[02:55:12.146] In production, skipping message inspection
[02:55:12.147] [RPC] Calling handler { method: 'c656a4e1-31f7-4acd-889d-9c2bfe459890:list-pi-sessions' }
[02:55:12.152] [RPC] Handler returned { method: 'c656a4e1-31f7-4acd-889d-9c2bfe459890:list-pi-sessions', hasResult: true }
[02:55:12.153] [RPC] Sending encrypted response { method: 'c656a4e1-31f7-4acd-889d-9c2bfe459890:list-pi-sessions', responseLength: 956 }
[02:55:12.193] In production, skipping message inspection
[02:55:12.194] [RPC] Calling handler { method: 'c656a4e1-31f7-4acd-889d-9c2bfe459890:list-pi-sessions' }
[02:55:12.194] [RPC] Handler returned { method: 'c656a4e1-31f7-4acd-889d-9c2bfe459890:list-pi-sessions', hasResult: true }
[02:55:12.194] [RPC] Sending encrypted response { method: 'c656a4e1-31f7-4acd-889d-9c2bfe459890:list-pi-sessions', responseLength: 956 }
[02:55:14.383] [RPC] Calling handler { method: 'cmrjkwj3w0003ovtv9re7dcn0:bash' }
[02:55:14.383] Shell command request: git rev-parse --is-inside-work-tree
[02:55:14.383] Shell command executing... { cwd: '/home/jc/dev/lyntty/worktrees/three-round-hardening', timeout: 5000 }
[02:55:14.389] Shell command executed, processing result...
[02:55:14.389] Shell command result: { success: true, exitCode: 0, stdoutLen: 5, stderrLen: 0 }
[02:55:14.389] [RPC] Handler returned { method: 'cmrjkwj3w0003ovtv9re7dcn0:bash', hasResult: true }
[02:55:14.390] [RPC] Sending encrypted response { method: 'cmrjkwj3w0003ovtv9re7dcn0:bash', responseLength: 120 }
[02:55:14.394] [RPC] Calling handler { method: 'cmrjkwj3w0003ovtv9re7dcn0:bash' }
[02:55:14.394] Shell command request: git -c core.quotepath=false status --porcelain=v2 --branch --show-stash --untracked-files=all
[02:55:14.394] Shell command executing... { cwd: '/home/jc/dev/lyntty/worktrees/three-round-hardening', timeout: 10000 }
[02:55:14.408] Shell command executed, processing result...
[02:55:14.409] Shell command result: { success: true, exitCode: 0, stdoutLen: 5055, stderrLen: 0 }
[02:55:14.409] [RPC] Handler returned { method: 'cmrjkwj3w0003ovtv9re7dcn0:bash', hasResult: true }
[02:55:14.409] [RPC] Sending encrypted response { method: 'cmrjkwj3w0003ovtv9re7dcn0:bash', responseLength: 6920 }
[02:55:14.464] [RPC] Calling handler { method: 'cmrjkwj3w0003ovtv9re7dcn0:bash' }
[02:55:14.464] Shell command request: git -c core.quotepath=false diff --numstat
[02:55:14.465] Shell command executing... { cwd: '/home/jc/dev/lyntty/worktrees/three-round-hardening', timeout: 10000 }
[02:55:14.480] Shell command executed, processing result...
[02:55:14.480] Shell command result: { success: true, exitCode: 0, stdoutLen: 919, stderrLen: 0 }
[02:55:14.480] [RPC] Handler returned { method: 'cmrjkwj3w0003ovtv9re7dcn0:bash', hasResult: true }
[02:55:14.480] [RPC] Sending encrypted response { method: 'cmrjkwj3w0003ovtv9re7dcn0:bash', responseLength: 1408 }
[02:55:14.484] [RPC] Calling handler { method: 'cmrjkwj3w0003ovtv9re7dcn0:bash' }
[02:55:14.484] Shell command request: git -c core.quotepath=false diff --cached --numstat
[02:55:14.484] Shell command executing... { cwd: '/home/jc/dev/lyntty/worktrees/three-round-hardening', timeout: 10000 }
[02:55:14.491] Shell command executed, processing result...
[02:55:14.491] Shell command result: { success: true, exitCode: 0, stdoutLen: 0, stderrLen: 0 }
[02:55:14.491] [RPC] Handler returned { method: 'cmrjkwj3w0003ovtv9re7dcn0:bash', hasResult: true }
[02:55:14.491] [RPC] Sending encrypted response { method: 'cmrjkwj3w0003ovtv9re7dcn0:bash', responseLength: 112 }
[02:55:35.818] In production, skipping message inspection
[02:55:35.819] [SOCKET] [UPDATE] Decrypted message { role: 'user', contentType: 'text' }
[02:55:35.819] [pi] Queued remote Pi command for extension delivery {
  sessionId: 'cmrjkwj3w0003ovtv9re7dcn0',
  localKey: '155d3b12-7a97-4393-912e-b1233c2ca0b1',
  type: 'send_user_message'
}
[02:55:35.847] [RPC] Calling handler { method: 'cmrjkwj3w0003ovtv9re7dcn0:bash' }
[02:55:35.848] Shell command request: git rev-parse --is-inside-work-tree
[02:55:35.848] Shell command executing... { cwd: '/home/jc/dev/lyntty/worktrees/three-round-hardening', timeout: 5000 }
[02:55:35.855] Shell command executed, processing result...
[02:55:35.856] Shell command result: { success: true, exitCode: 0, stdoutLen: 5, stderrLen: 0 }
[02:55:35.856] [RPC] Handler returned { method: 'cmrjkwj3w0003ovtv9re7dcn0:bash', hasResult: true }
[02:55:35.856] [RPC] Sending encrypted response { method: 'cmrjkwj3w0003ovtv9re7dcn0:bash', responseLength: 120 }
[02:55:35.877] [RPC] Calling handler { method: 'cmrjkwj3w0003ovtv9re7dcn0:bash' }
[02:55:35.877] Shell command request: git -c core.quotepath=false status --porcelain=v2 --branch --show-stash --untracked-files=all
[02:55:35.877] Shell command executing... { cwd: '/home/jc/dev/lyntty/worktrees/three-round-hardening', timeout: 10000 }
[02:55:35.900] Shell command executed, processing result...
[02:55:35.901] Shell command result: { success: true, exitCode: 0, stdoutLen: 5055, stderrLen: 0 }
[02:55:35.901] [RPC] Handler returned { method: 'cmrjkwj3w0003ovtv9re7dcn0:bash', hasResult: true }
[02:55:35.902] [RPC] Sending encrypted response { method: 'cmrjkwj3w0003ovtv9re7dcn0:bash', responseLength: 6920 }
[02:55:35.908] [RPC] Calling handler { method: 'cmrjkwj3w0003ovtv9re7dcn0:bash' }
[02:55:35.908] Shell command request: git -c core.quotepath=false diff --numstat
[02:55:35.908] Shell command executing... { cwd: '/home/jc/dev/lyntty/worktrees/three-round-hardening', timeout: 10000 }
[02:55:35.924] Shell command executed, processing result...
[02:55:35.924] Shell command result: { success: true, exitCode: 0, stdoutLen: 919, stderrLen: 0 }
[02:55:35.924] [RPC] Handler returned { method: 'cmrjkwj3w0003ovtv9re7dcn0:bash', hasResult: true }
[02:55:35.925] [RPC] Sending encrypted response { method: 'cmrjkwj3w0003ovtv9re7dcn0:bash', responseLength: 1408 }
[02:55:35.929] [RPC] Calling handler { method: 'cmrjkwj3w0003ovtv9re7dcn0:bash' }
[02:55:35.929] Shell command request: git -c core.quotepath=false diff --cached --numstat
[02:55:35.929] Shell command executing... { cwd: '/home/jc/dev/lyntty/worktrees/three-round-hardening', timeout: 10000 }
[02:55:35.935] Shell command executed, processing result...
[02:55:35.935] Shell command result: { success: true, exitCode: 0, stdoutLen: 0, stderrLen: 0 }
[02:55:35.935] [RPC] Handler returned { method: 'cmrjkwj3w0003ovtv9re7dcn0:bash', hasResult: true }
[02:55:35.936] [RPC] Sending encrypted response { method: 'cmrjkwj3w0003ovtv9re7dcn0:bash', responseLength: 112 }
[02:55:36.554] [pi] Received Pi extension event {
  piSessionId: '019f5cd2-1662-7134-98cb-7576bbd5b737',
  eventType: 'agent_start',
  eventReason: undefined,
  eventId: 3,
  extensionInstanceId: '66db800c-cdc1-4c74-a2bb-080b6eda2632',
  activeExtensionInstanceId: '66db800c-cdc1-4c74-a2bb-080b6eda2632',
  ownership: 'current'
}
[02:55:36.554] [pi] Mapped Pi extension event {
  piSessionId: '019f5cd2-1662-7134-98cb-7576bbd5b737',
  eventType: 'agent_start',
  envelopeCount: 1,
  envelopeTypes: [ 'agent:turn-start' ]
}
[02:55:36.568] In production, skipping message inspection
[02:55:36.584] In production, skipping message inspection
[02:55:36.586] [SOCKET] [UPDATE] Decrypted message { role: 'session', contentType: 'unknown' }
[02:55:36.644] [RPC] Calling handler { method: 'cmrjkwj3w0003ovtv9re7dcn0:bash' }
[02:55:36.644] Shell command request: git rev-parse --is-inside-work-tree
[02:55:36.644] Shell command executing... { cwd: '/home/jc/dev/lyntty/worktrees/three-round-hardening', timeout: 5000 }
[02:55:36.652] Shell command executed, processing result...
[02:55:36.652] Shell command result: { success: true, exitCode: 0, stdoutLen: 5, stderrLen: 0 }
[02:55:36.652] [RPC] Handler returned { method: 'cmrjkwj3w0003ovtv9re7dcn0:bash', hasResult: true }
[02:55:36.653] [RPC] Sending encrypted response { method: 'cmrjkwj3w0003ovtv9re7dcn0:bash', responseLength: 120 }
[02:55:36.658] [RPC] Calling handler { method: 'cmrjkwj3w0003ovtv9re7dcn0:bash' }
[02:55:36.658] Shell command request: git -c core.quotepath=false status --porcelain=v2 --branch --show-stash --untracked-files=all
[02:55:36.658] Shell command executing... { cwd: '/home/jc/dev/lyntty/worktrees/three-round-hardening', timeout: 10000 }
[02:55:36.675] Shell command executed, processing result...
[02:55:36.676] Shell command result: { success: true, exitCode: 0, stdoutLen: 5055, stderrLen: 0 }
[02:55:36.676] [RPC] Handler returned { method: 'cmrjkwj3w0003ovtv9re7dcn0:bash', hasResult: true }
[02:55:36.676] [RPC] Sending encrypted response { method: 'cmrjkwj3w0003ovtv9re7dcn0:bash', responseLength: 6920 }
[02:55:36.686] [RPC] Calling handler { method: 'cmrjkwj3w0003ovtv9re7dcn0:bash' }
[02:55:36.686] Shell command request: git -c core.quotepath=false diff --numstat
[02:55:36.687] Shell command executing... { cwd: '/home/jc/dev/lyntty/worktrees/three-round-hardening', timeout: 10000 }
[02:55:36.707] Shell command executed, processing result...
[02:55:36.707] Shell command result: { success: true, exitCode: 0, stdoutLen: 919, stderrLen: 0 }
[02:55:36.707] [RPC] Handler returned { method: 'cmrjkwj3w0003ovtv9re7dcn0:bash', hasResult: true }
[02:55:36.708] [RPC] Sending encrypted response { method: 'cmrjkwj3w0003ovtv9re7dcn0:bash', responseLength: 1408 }
[02:55:36.713] [RPC] Calling handler { method: 'cmrjkwj3w0003ovtv9re7dcn0:bash' }
[02:55:36.713] Shell command request: git -c core.quotepath=false diff --cached --numstat
[02:55:36.714] Shell command executing... { cwd: '/home/jc/dev/lyntty/worktrees/three-round-hardening', timeout: 10000 }
[02:55:36.723] Shell command executed, processing result...
[02:55:36.724] Shell command result: { success: true, exitCode: 0, stdoutLen: 0, stderrLen: 0 }
[02:55:36.724] [RPC] Handler returned { method: 'cmrjkwj3w0003ovtv9re7dcn0:bash', hasResult: true }
[02:55:36.725] [RPC] Sending encrypted response { method: 'cmrjkwj3w0003ovtv9re7dcn0:bash', responseLength: 112 }
[02:55:38.742] [pi] Received Pi extension event {
  piSessionId: '019f5cd2-1662-7134-98cb-7576bbd5b737',
  eventType: 'message_update',
  eventReason: undefined,
  eventId: 4,
  extensionInstanceId: '66db800c-cdc1-4c74-a2bb-080b6eda2632',
  activeExtensionInstanceId: '66db800c-cdc1-4c74-a2bb-080b6eda2632',
  ownership: 'current'
}
[02:55:38.742] [pi] Mapped Pi extension event {
  piSessionId: '019f5cd2-1662-7134-98cb-7576bbd5b737',
  eventType: 'message_update',
  envelopeCount: 0,
  envelopeTypes: []
}
[02:55:38.743] [pi] Received Pi extension event {
  piSessionId: '019f5cd2-1662-7134-98cb-7576bbd5b737',
  eventType: 'message_update',
  eventReason: undefined,
  eventId: 5,
  extensionInstanceId: '66db800c-cdc1-4c74-a2bb-080b6eda2632',
  activeExtensionInstanceId: '66db800c-cdc1-4c74-a2bb-080b6eda2632',
  ownership: 'current'
}
[02:55:38.744] [pi] Mapped Pi extension event {
  piSessionId: '019f5cd2-1662-7134-98cb-7576bbd5b737',
  eventType: 'message_update',
  envelopeCount: 0,
  envelopeTypes: []
}
[02:55:38.802] [pi] Received Pi extension event {
  piSessionId: '019f5cd2-1662-7134-98cb-7576bbd5b737',
  eventType: 'message_update',
  eventReason: undefined,
  eventId: 6,
  extensionInstanceId: '66db800c-cdc1-4c74-a2bb-080b6eda2632',
  activeExtensionInstanceId: '66db800c-cdc1-4c74-a2bb-080b6eda2632',
  ownership: 'current'
}
[02:55:38.803] [pi] Mapped Pi extension event {
  piSessionId: '019f5cd2-1662-7134-98cb-7576bbd5b737',
  eventType: 'message_update',
  envelopeCount: 0,
  envelopeTypes: []
}
[02:55:38.804] [pi] Received Pi extension event {
  piSessionId: '019f5cd2-1662-7134-98cb-7576bbd5b737',
  eventType: 'message_update',
  eventReason: undefined,
  eventId: 7,
  extensionInstanceId: '66db800c-cdc1-4c74-a2bb-080b6eda2632',
  activeExtensionInstanceId: '66db800c-cdc1-4c74-a2bb-080b6eda2632',
  ownership: 'current'
}
[02:55:38.804] [pi] Mapped Pi extension event {
  piSessionId: '019f5cd2-1662-7134-98cb-7576bbd5b737',
  eventType: 'message_update',
  envelopeCount: 0,
  envelopeTypes: []
}
[02:55:38.805] [pi] Received Pi extension event {
  piSessionId: '019f5cd2-1662-7134-98cb-7576bbd5b737',
  eventType: 'message_update',
  eventReason: undefined,
  eventId: 8,
  extensionInstanceId: '66db800c-cdc1-4c74-a2bb-080b6eda2632',
  activeExtensionInstanceId: '66db800c-cdc1-4c74-a2bb-080b6eda2632',
  ownership: 'current'
}
[02:55:38.806] [pi] Mapped Pi extension event {
  piSessionId: '019f5cd2-1662-7134-98cb-7576bbd5b737',
  eventType: 'message_update',
  envelopeCount: 0,
  envelopeTypes: []
}
[02:55:38.815] [pi] Received Pi extension event {
  piSessionId: '019f5cd2-1662-7134-98cb-7576bbd5b737',
  eventType: 'message_update',
  eventReason: undefined,
  eventId: 9,
  extensionInstanceId: '66db800c-cdc1-4c74-a2bb-080b6eda2632',
  activeExtensionInstanceId: '66db800c-cdc1-4c74-a2bb-080b6eda2632',
  ownership: 'current'
}
[02:55:38.815] [pi] Mapped Pi extension event {
  piSessionId: '019f5cd2-1662-7134-98cb-7576bbd5b737',
  eventType: 'message_update',
  envelopeCount: 0,
  envelopeTypes: []
}
[02:55:38.879] [pi] Received Pi extension event {
  piSessionId: '019f5cd2-1662-7134-98cb-7576bbd5b737',
  eventType: 'message_update',
  eventReason: undefined,
  eventId: 10,
  extensionInstanceId: '66db800c-cdc1-4c74-a2bb-080b6eda2632',
  activeExtensionInstanceId: '66db800c-cdc1-4c74-a2bb-080b6eda2632',
  ownership: 'current'
}
[02:55:38.880] [pi] Mapped Pi extension event {
  piSessionId: '019f5cd2-1662-7134-98cb-7576bbd5b737',
  eventType: 'message_update',
  envelopeCount: 0,
  envelopeTypes: []
}
[02:55:38.885] [pi] Received Pi extension event {
  piSessionId: '019f5cd2-1662-7134-98cb-7576bbd5b737',
  eventType: 'message_update',
  eventReason: undefined,
  eventId: 11,
  extensionInstanceId: '66db800c-cdc1-4c74-a2bb-080b6eda2632',
  activeExtensionInstanceId: '66db800c-cdc1-4c74-a2bb-080b6eda2632',
  ownership: 'current'
}
[02:55:38.885] [pi] Mapped Pi extension event {
  piSessionId: '019f5cd2-1662-7134-98cb-7576bbd5b737',
  eventType: 'message_update',
  envelopeCount: 0,
  envelopeTypes: []
}
[02:55:38.887] [pi] Received Pi extension event {
  piSessionId: '019f5cd2-1662-7134-98cb-7576bbd5b737',
  eventType: 'message_update',
  eventReason: undefined,
  eventId: 12,
  extensionInstanceId: '66db800c-cdc1-4c74-a2bb-080b6eda2632',
  activeExtensionInstanceId: '66db800c-cdc1-4c74-a2bb-080b6eda2632',
  ownership: 'current'
}
[02:55:38.888] [pi] Mapped Pi extension event {
  piSessionId: '019f5cd2-1662-7134-98cb-7576bbd5b737',
  eventType: 'message_update',
  envelopeCount: 0,
  envelopeTypes: []
}
[02:55:38.893] [pi] Received Pi extension event {
  piSessionId: '019f5cd2-1662-7134-98cb-7576bbd5b737',
  eventType: 'message_update',
  eventReason: undefined,
  eventId: 13,
  extensionInstanceId: '66db800c-cdc1-4c74-a2bb-080b6eda2632',
  activeExtensionInstanceId: '66db800c-cdc1-4c74-a2bb-080b6eda2632',
  ownership: 'current'
}
[02:55:38.894] [pi] Mapped Pi extension event {
  piSessionId: '019f5cd2-1662-7134-98cb-7576bbd5b737',
  eventType: 'message_update',
  envelopeCount: 0,
  envelopeTypes: []
}
[02:55:39.055] [pi] Received Pi extension event {
  piSessionId: '019f5cd2-1662-7134-98cb-7576bbd5b737',
  eventType: 'message_update',
  eventReason: undefined,
  eventId: 14,
  extensionInstanceId: '66db800c-cdc1-4c74-a2bb-080b6eda2632',
  activeExtensionInstanceId: '66db800c-cdc1-4c74-a2bb-080b6eda2632',
  ownership: 'current'
}
[02:55:39.056] [pi] Mapped Pi extension event {
  piSessionId: '019f5cd2-1662-7134-98cb-7576bbd5b737',
  eventType: 'message_update',
  envelopeCount: 0,
  envelopeTypes: []
}
[02:55:39.127] [pi] Received Pi extension event {
  piSessionId: '019f5cd2-1662-7134-98cb-7576bbd5b737',
  eventType: 'message_end',
  eventReason: undefined,
  eventId: 15,
  extensionInstanceId: '66db800c-cdc1-4c74-a2bb-080b6eda2632',
  activeExtensionInstanceId: '66db800c-cdc1-4c74-a2bb-080b6eda2632',
  ownership: 'current'
}
[02:55:39.128] [pi] Mapped Pi extension event {
  piSessionId: '019f5cd2-1662-7134-98cb-7576bbd5b737',
  eventType: 'message_end',
  envelopeCount: 1,
  envelopeTypes: [ 'agent:text' ]
}
[02:55:39.148] In production, skipping message inspection
[02:55:39.148] [SOCKET] [UPDATE] Decrypted message { role: 'session', contentType: 'unknown' }
[02:55:39.151] [pi] Received Pi extension event {
  piSessionId: '019f5cd2-1662-7134-98cb-7576bbd5b737',
  eventType: 'agent_end',
  eventReason: undefined,
  eventId: 16,
  extensionInstanceId: '66db800c-cdc1-4c74-a2bb-080b6eda2632',
  activeExtensionInstanceId: '66db800c-cdc1-4c74-a2bb-080b6eda2632',
  ownership: 'current'
}
[02:55:39.152] [pi] Mapped Pi extension event {
  piSessionId: '019f5cd2-1662-7134-98cb-7576bbd5b737',
  eventType: 'agent_end',
  envelopeCount: 1,
  envelopeTypes: [ 'agent:turn-end' ]
}
[02:55:39.172] In production, skipping message inspection
[02:55:39.172] [SOCKET] [UPDATE] Decrypted message { role: 'session', contentType: 'unknown' }
[02:55:39.181] [RPC] Calling handler { method: 'cmrjkwj3w0003ovtv9re7dcn0:bash' }
[02:55:39.181] Shell command request: git rev-parse --is-inside-work-tree
[02:55:39.181] Shell command executing... { cwd: '/home/jc/dev/lyntty/worktrees/three-round-hardening', timeout: 5000 }
[02:55:39.185] [PUSH] sendSessionNotification dispatched via server (kind=done)
[02:55:39.187] Shell command executed, processing result...
[02:55:39.187] Shell command result: { success: true, exitCode: 0, stdoutLen: 5, stderrLen: 0 }
[02:55:39.187] [RPC] Handler returned { method: 'cmrjkwj3w0003ovtv9re7dcn0:bash', hasResult: true }
[02:55:39.188] [RPC] Sending encrypted response { method: 'cmrjkwj3w0003ovtv9re7dcn0:bash', responseLength: 120 }
[02:55:39.202] [RPC] Calling handler { method: 'cmrjkwj3w0003ovtv9re7dcn0:bash' }
[02:55:39.203] Shell command request: git -c core.quotepath=false status --porcelain=v2 --branch --show-stash --untracked-files=all
[02:55:39.203] Shell command executing... { cwd: '/home/jc/dev/lyntty/worktrees/three-round-hardening', timeout: 10000 }
[02:55:39.224] Shell command executed, processing result...
[02:55:39.224] Shell command result: { success: true, exitCode: 0, stdoutLen: 5055, stderrLen: 0 }
[02:55:39.224] [RPC] Handler returned { method: 'cmrjkwj3w0003ovtv9re7dcn0:bash', hasResult: true }
[02:55:39.224] [RPC] Sending encrypted response { method: 'cmrjkwj3w0003ovtv9re7dcn0:bash', responseLength: 6920 }
[02:55:39.234] [RPC] Calling handler { method: 'cmrjkwj3w0003ovtv9re7dcn0:bash' }
[02:55:39.234] Shell command request: git -c core.quotepath=false diff --numstat
[02:55:39.234] Shell command executing... { cwd: '/home/jc/dev/lyntty/worktrees/three-round-hardening', timeout: 10000 }
[02:55:39.259] Shell command executed, processing result...
[02:55:39.260] Shell command result: { success: true, exitCode: 0, stdoutLen: 919, stderrLen: 0 }
[02:55:39.260] [RPC] Handler returned { method: 'cmrjkwj3w0003ovtv9re7dcn0:bash', hasResult: true }
[02:55:39.261] [RPC] Sending encrypted response { method: 'cmrjkwj3w0003ovtv9re7dcn0:bash', responseLength: 1408 }
[02:55:39.271] [RPC] Calling handler { method: 'cmrjkwj3w0003ovtv9re7dcn0:bash' }
[02:55:39.271] Shell command request: git -c core.quotepath=false diff --cached --numstat
[02:55:39.272] Shell command executing... { cwd: '/home/jc/dev/lyntty/worktrees/three-round-hardening', timeout: 10000 }
[02:55:39.279] Shell command executed, processing result...
[02:55:39.279] Shell command result: { success: true, exitCode: 0, stdoutLen: 0, stderrLen: 0 }
[02:55:39.280] [RPC] Handler returned { method: 'cmrjkwj3w0003ovtv9re7dcn0:bash', hasResult: true }
[02:55:39.280] [RPC] Sending encrypted response { method: 'cmrjkwj3w0003ovtv9re7dcn0:bash', responseLength: 112 }
[02:55:39.294] [RPC] Calling handler { method: 'cmrjkwj3w0003ovtv9re7dcn0:bash' }
[02:55:39.294] Shell command request: git rev-parse --is-inside-work-tree
[02:55:39.295] Shell command executing... { cwd: '/home/jc/dev/lyntty/worktrees/three-round-hardening', timeout: 5000 }
[02:55:39.301] Shell command executed, processing result...
[02:55:39.302] Shell command result: { success: true, exitCode: 0, stdoutLen: 5, stderrLen: 0 }
[02:55:39.302] [RPC] Handler returned { method: 'cmrjkwj3w0003ovtv9re7dcn0:bash', hasResult: true }
[02:55:39.303] [RPC] Sending encrypted response { method: 'cmrjkwj3w0003ovtv9re7dcn0:bash', responseLength: 120 }
[02:55:39.312] [RPC] Calling handler { method: 'cmrjkwj3w0003ovtv9re7dcn0:bash' }
[02:55:39.313] Shell command request: git -c core.quotepath=false status --porcelain=v2 --branch --show-stash --untracked-files=all
[02:55:39.313] Shell command executing... { cwd: '/home/jc/dev/lyntty/worktrees/three-round-hardening', timeout: 10000 }
[02:55:39.338] Shell command executed, processing result...
[02:55:39.338] Shell command result: { success: true, exitCode: 0, stdoutLen: 5055, stderrLen: 0 }
[02:55:39.338] [RPC] Handler returned { method: 'cmrjkwj3w0003ovtv9re7dcn0:bash', hasResult: true }
[02:55:39.339] [RPC] Sending encrypted response { method: 'cmrjkwj3w0003ovtv9re7dcn0:bash', responseLength: 6920 }
[02:55:39.345] [RPC] Calling handler { method: 'cmrjkwj3w0003ovtv9re7dcn0:bash' }
[02:55:39.347] Shell command request: git -c core.quotepath=false diff --numstat
[02:55:39.347] Shell command executing... { cwd: '/home/jc/dev/lyntty/worktrees/three-round-hardening', timeout: 10000 }
[02:55:39.366] Shell command executed, processing result...
[02:55:39.366] Shell command result: { success: true, exitCode: 0, stdoutLen: 919, stderrLen: 0 }
[02:55:39.367] [RPC] Handler returned { method: 'cmrjkwj3w0003ovtv9re7dcn0:bash', hasResult: true }
[02:55:39.367] [RPC] Sending encrypted response { method: 'cmrjkwj3w0003ovtv9re7dcn0:bash', responseLength: 1408 }
[02:55:39.371] [RPC] Calling handler { method: 'cmrjkwj3w0003ovtv9re7dcn0:bash' }
[02:55:39.371] Shell command request: git -c core.quotepath=false diff --cached --numstat
[02:55:39.371] Shell command executing... { cwd: '/home/jc/dev/lyntty/worktrees/three-round-hardening', timeout: 10000 }
[02:55:39.378] Shell command executed, processing result...
[02:55:39.379] Shell command result: { success: true, exitCode: 0, stdoutLen: 0, stderrLen: 0 }
[02:55:39.379] [RPC] Handler returned { method: 'cmrjkwj3w0003ovtv9re7dcn0:bash', hasResult: true }
[02:55:39.379] [RPC] Sending encrypted response { method: 'cmrjkwj3w0003ovtv9re7dcn0:bash', responseLength: 112 }
