Migrating external PostgreSQL database...
  Applying 20250713002718_initial...
  Applying 20250713004156_add_sessions...
  Applying 20250713032124_add_tag_to_session...
  Applying 20250714030924_add_session_metadata...
  Applying 20250714032124_session_timeouts...
  Applying 20250715012822_add_metadata_version_agent_state...
  Applying 20250718031550_add_local_id_to_session_message...
  Applying 20250718032748_add_push_token...
  Applying 20250719042829_add_terminal_auth_request...
  Applying 20250719061508_add_response_account...
  Applying 20250721073743_add_usage_report...
  Applying 20250726092110_remove_updates...
  Applying 20250726205102_add_settings_to_account...
  Applying 20250726205206_add_account_settings_version...
  Applying 20250812092041_add_machine_model...
  Applying 20250816171155_add_app_to_app_authentication...
  Applying 20250818044258_add_daemon_state_to_machine...
  Applying 20250820051609_add_session_id_seq_index...
  Applying 20250820052449_add_session_sort...
  Applying 20250827015520_add_github_entities...
  Applying 20250827044624_add_user_profile_fields...
  Applying 20250827045037_add_reuse_key_to_file...
  Applying 20250827051355_add_image_parameters...
  Applying 20250901205028_add_service_account_tokens...
  Applying 20250908050408_add_data_encryption_key...
  Applying 20250908052114_add_machine_data_encryption_key...
  Applying 20250911030241_add_version2_field...
  Applying 20250917052000_add_artefacts...
  Applying 20250917055002_add_access_key...
  Applying 20250918045344_add_friendships...
  Applying 20250919021354_fix_relationship_status...
  Applying 20250920025406_add_username...
  Applying 20250920035415_make_github_user_id_unique...
  Applying 20250920213557_add_user_feed...
  Applying 20250920215413_add_last_notified_at...
  Applying 20250922000310_add_user_kv...
  Applying 20260407053500_add_voice_conversation...
  Applying 20260702033500_add_auth_token_revocation...
  Applying 20260704062000_auth_request_expiry_consumption...
Applied 39 migration(s).
