
Mobile Authentication

Scan this QR code with your Lyntty mobile app:

================================================================================
📱 To authenticate, scan this QR code with your mobile device:
================================================================================
          ▄▄▄▄▄▄▄▄▄▄▄▄▄▄▄▄▄▄▄▄▄▄▄▄▄▄▄▄▄▄▄▄▄▄▄
          █ ▄▄▄▄▄ █▄▀▀▄▄▄▄▄█ █▀ ▄ ███ ▄▄▄▄▄ █
          █ █   █ ███▄█  █ ▄▀███ █ ▀█ █   █ █
          █ █▄▄▄█ ██▄▀▄▀▀ ▄ ▄▀▄▀ ▀ ██ █▄▄▄█ █
          █▄▄▄▄▄▄▄█ █ ▀▄▀▄▀▄█▄█▄█▄█ █▄▄▄▄▄▄▄█
          █ ▄█▄ ▀▄▀█ ▄▄▀ ▀▀▄█▀ █▄▀ ▀█▄▀▀▀▀▀▄█
          █ █  ▀█▄█▄▀  ▀ █▄ ▀ ▀ █▄ █▀▄ ▄▄ ▄▄█
          ████▄ █▄█▀▄█▄▄ ▀▄ ▄█ ▄▀█▄█▀▄ ████▄█
          █  ▄▄█ ▄▄█▀▀ ▄▄█ ▀█ ▄█▄██▄█ █▄▄ ███
          █▀▄ ▄▄█▄ ▀ ▀▀▀▀ ▄▄█▀▀   ▄▀▀   ▀█▄▀█
          █▄ █▄█ ▄▀▀▄█▄▀█▀  ▄  ▀▄█▄███▀ ▄▀█ █
          █▀█ ▄▄▄▄▀█▄▄█▄▄ ▀▄ █ ▄█▄▀█ █ ▀▀█ ▄█
          █ █ █▀▀▄  ▀▄█▄█  ▄ ▄█ ▄▄    ▄ ▀▀▄▄█
          █▄▄██▄▄▄▄▀ ▀█▀▄▄  █▄ █▄▀▀ ▄▄▄  █▀██
          █ ▄▄▄▄▄ ██▀▄█▀▀  ██▀ ▄▄▀▀ █▄█  ▀▀▀█
          █ █   █ █ ▀█ ▄████▀▀█ ▀ ▄▄ ▄ ▄█▀ ▀█
          █ █▄▄▄█ █▀█▀▀▄ ▄  ██ ▀▄▀▀▀▀ ▀▄    █
          █▄▄▄▄▄▄▄█▄▄█▄█▄█▄█▄▄▄███▄▄███▄█████
          
================================================================================

Or manually enter this URL:
lyntty://terminal?7Q_Xu4U9OebGmL5TmaGTqdFgr7sBPhy4g6OgnSAjXFg

Waiting for authentication
Waiting for authentication.   
Waiting for authentication..   
Waiting for authentication...   
Waiting for authentication.   
Waiting for authentication..   
Waiting for authentication...   
Waiting for authentication.   
Waiting for authentication..   
Waiting for authentication...   
Waiting for authentication.   
Waiting for authentication..   
Waiting for authentication...   
Waiting for authentication.   
Waiting for authentication..   
Waiting for authentication...   
Waiting for authentication.   
Waiting for authentication..   
Waiting for authentication...   
Waiting for authentication.   
Waiting for authentication..   
Waiting for authentication...   
Waiting for authentication.   
Waiting for authentication..   
Waiting for authentication...   
Waiting for authentication.   
Waiting for authentication..   
Waiting for authentication...   
Waiting for authentication.   
Waiting for authentication..   
Waiting for authentication...   
Waiting for authentication.   
Waiting for authentication..   
Waiting for authentication...   
Waiting for authentication.   
Waiting for authentication..   

✓ Authentication successful


✓ Authentication successful
  Machine ID: d1202e83-c239-4213-a9bd-f677049ef805
