[WARN] The "pnpm" field in package.json is no longer read by pnpm. The following keys were ignored: "pnpm.overrides", "pnpm.onlyBuiltDependencies". See https://pnpm.io/settings for the new home of each setting.
Starting project at /home/jc/dev/lyntty/packages/lyntty-app
Expo Autolinking module resolution enabled
Starting Metro Bundler

warning: Bundler cache is empty, rebuilding (this may take a minute)
Waiting on http://localhost:8081
Logs for your project will appear below.
Android packages/lyntty-app/index.ts ░░░░░░░░░░░░░░░░  0.0% (0/1)
Android packages/lyntty-app/index.ts ▓▓▓▓▓▓▓░░░░░░░░░ 48.5% ( 707/1056)
Android packages/lyntty-app/index.ts ▓▓▓▓▓▓▓▓░░░░░░░░ 52.5% (1897/2743)
 WARN  Attempted to import the module "/home/jc/dev/lyntty/node_modules/@noble/hashes/crypto.js" which is not listed in the "exports" of "/home/jc/dev/lyntty/node_modules/@noble/hashes" under the requested subpath "./crypto.js". Falling back to file-based resolution. Consider updating the call site or asking the package maintainer(s) to expose this API.
Android packages/lyntty-app/index.ts ▓▓▓▓▓▓▓▓▓▓▓▓▓▓▓░ 99.5% (3644/3654)
Android Bundled 12564ms packages/lyntty-app/index.ts (3658 modules)
 LOG  calling Libsodium.install
 LOG  [loadAppConfig] Loaded from ExponentConstants: ["elevenLabsAgentId", "consoleLoggingDefault"]
 LOG  [loadAppConfig] Loaded from Constants.expoConfig: ["elevenLabsAgentId", "consoleLoggingDefault", "buildCommitSha", "buildCommitTimestamp"]
 LOG  [loadAppConfig] Final merged config: {
  "elevenLabsAgentId": "agent_6701k211syvvegba4kt7m68nxjmw",
  "consoleLoggingDefault": true,
  "buildCommitSha": "2b5429ce3ef384c7163189a82e29c8cd2b2fc0b7",
  "buildCommitTimestamp": "2026-07-01T16:41:42+08:00"
}
 LOG  [ConsoleLogging] Initialized (output enabled)
 WARN  [Error: Failed to fetch sessions: 401]
 WARN  [auth] Invalid credentials detected; clearing local auth: Failed to fetch sessions: 401
 ERROR  Failed to fetch machines: 401
 WARN  [Error: Failed to fetch settings: 401]
 WARN  [Error: Failed to fetch profile: 401]
 WARN  [Error: Failed to fetch artifacts: 401]
 ERROR  Failed to fetch artifacts: [Error: Failed to fetch artifacts: 401]
 WARN  [Error: Failed to fetch artifacts: 401]
 WARN  [Error: Failed to register push token: 401]
 WARN  Sync already initialized: ignoring
Android packages/lyntty-app/index.ts ░░░░░░░░░░░░░░░░  0.0% (0/1)
Android Bundled 137ms packages/lyntty-app/index.ts (1 module)
 LOG  calling Libsodium.install
 LOG  [loadAppConfig] Loaded from ExponentConstants: ["elevenLabsAgentId", "consoleLoggingDefault"]
 LOG  [loadAppConfig] Loaded from Constants.expoConfig: ["elevenLabsAgentId", "consoleLoggingDefault", "buildCommitSha", "buildCommitTimestamp"]
 LOG  [loadAppConfig] Final merged config: {
  "elevenLabsAgentId": "agent_6701k211syvvegba4kt7m68nxjmw",
  "consoleLoggingDefault": true,
  "buildCommitSha": "2b5429ce3ef384c7163189a82e29c8cd2b2fc0b7",
  "buildCommitTimestamp": "2026-07-01T16:41:42+08:00"
}
 LOG  [ConsoleLogging] Initialized (output enabled)
Android packages/lyntty-app/index.ts ░░░░░░░░░░░░░░░░  0.0% (0/1)
Android Bundled 132ms packages/lyntty-app/index.ts (1 module)
 LOG  calling Libsodium.install
 LOG  [loadAppConfig] Loaded from ExponentConstants: ["elevenLabsAgentId", "consoleLoggingDefault"]
 LOG  [loadAppConfig] Loaded from Constants.expoConfig: ["elevenLabsAgentId", "consoleLoggingDefault", "buildCommitSha", "buildCommitTimestamp"]
 LOG  [loadAppConfig] Final merged config: {
  "elevenLabsAgentId": "agent_6701k211syvvegba4kt7m68nxjmw",
  "consoleLoggingDefault": true,
  "buildCommitSha": "2b5429ce3ef384c7163189a82e29c8cd2b2fc0b7",
  "buildCommitTimestamp": "2026-07-01T16:41:42+08:00"
}
 LOG  [ConsoleLogging] Initialized (output enabled)
Android packages/lyntty-app/index.ts ░░░░░░░░░░░░░░░░  0.0% (0/1)
Android Bundled 132ms packages/lyntty-app/index.ts (1 module)
 LOG  calling Libsodium.install
 LOG  [loadAppConfig] Loaded from ExponentConstants: ["elevenLabsAgentId", "consoleLoggingDefault"]
 LOG  [loadAppConfig] Loaded from Constants.expoConfig: ["elevenLabsAgentId", "consoleLoggingDefault", "buildCommitSha", "buildCommitTimestamp"]
 LOG  [loadAppConfig] Final merged config: {
  "elevenLabsAgentId": "agent_6701k211syvvegba4kt7m68nxjmw",
  "consoleLoggingDefault": true,
  "buildCommitSha": "2b5429ce3ef384c7163189a82e29c8cd2b2fc0b7",
  "buildCommitTimestamp": "2026-07-01T16:41:42+08:00"
}
 LOG  [ConsoleLogging] Initialized (output enabled)
Android packages/lyntty-app/index.ts ░░░░░░░░░░░░░░░░  0.0% (0/1)
Android Bundled 143ms packages/lyntty-app/index.ts (1 module)
 LOG  calling Libsodium.install
 LOG  [loadAppConfig] Loaded from ExponentConstants: ["elevenLabsAgentId", "consoleLoggingDefault"]
 LOG  [loadAppConfig] Loaded from Constants.expoConfig: ["elevenLabsAgentId", "consoleLoggingDefault", "buildCommitSha", "buildCommitTimestamp"]
 LOG  [loadAppConfig] Final merged config: {
  "elevenLabsAgentId": "agent_6701k211syvvegba4kt7m68nxjmw",
  "consoleLoggingDefault": true,
  "buildCommitSha": "2b5429ce3ef384c7163189a82e29c8cd2b2fc0b7",
  "buildCommitTimestamp": "2026-07-01T16:41:42+08:00"
}
 LOG  [ConsoleLogging] Initialized (output enabled)
 WARN  Failed to list Pi sessions for machine d1202e83-c239-4213-a9bd-f677049ef805: Error: RPC target disconnected
 WARN  Failed to list Pi sessions for machine d1202e83-c239-4213-a9bd-f677049ef805: Error: RPC target disconnected
Android packages/lyntty-app/index.ts ░░░░░░░░░░░░░░░░  0.0% (0/1)
Android Bundled 118ms packages/lyntty-app/index.ts (1 module)
 LOG  calling Libsodium.install
 LOG  [loadAppConfig] Loaded from ExponentConstants: ["elevenLabsAgentId", "consoleLoggingDefault"]
 LOG  [loadAppConfig] Loaded from Constants.expoConfig: ["elevenLabsAgentId", "consoleLoggingDefault", "buildCommitSha", "buildCommitTimestamp"]
 LOG  [loadAppConfig] Final merged config: {
  "elevenLabsAgentId": "agent_6701k211syvvegba4kt7m68nxjmw",
  "consoleLoggingDefault": true,
  "buildCommitSha": "2b5429ce3ef384c7163189a82e29c8cd2b2fc0b7",
  "buildCommitTimestamp": "2026-07-01T16:41:42+08:00"
}
 LOG  [ConsoleLogging] Initialized (output enabled)
Android packages/lyntty-app/index.ts ░░░░░░░░░░░░░░░░  0.0% (0/1)
Android Bundled 107ms packages/lyntty-app/index.ts (1 module)
 LOG  calling Libsodium.install
 LOG  [loadAppConfig] Loaded from ExponentConstants: ["elevenLabsAgentId", "consoleLoggingDefault"]
 LOG  [loadAppConfig] Loaded from Constants.expoConfig: ["elevenLabsAgentId", "consoleLoggingDefault", "buildCommitSha", "buildCommitTimestamp"]
 LOG  [loadAppConfig] Final merged config: {
  "elevenLabsAgentId": "agent_6701k211syvvegba4kt7m68nxjmw",
  "consoleLoggingDefault": true,
  "buildCommitSha": "2b5429ce3ef384c7163189a82e29c8cd2b2fc0b7",
  "buildCommitTimestamp": "2026-07-01T16:41:42+08:00"
}
 LOG  [ConsoleLogging] Initialized (output enabled)
Android packages/lyntty-app/index.ts ░░░░░░░░░░░░░░░░  0.0% (0/1)
Android Bundled 139ms packages/lyntty-app/index.ts (1 module)
 LOG  calling Libsodium.install
 LOG  [loadAppConfig] Loaded from ExponentConstants: ["elevenLabsAgentId", "consoleLoggingDefault"]
 LOG  [loadAppConfig] Loaded from Constants.expoConfig: ["elevenLabsAgentId", "consoleLoggingDefault", "buildCommitSha", "buildCommitTimestamp"]
 LOG  [loadAppConfig] Final merged config: {
  "elevenLabsAgentId": "agent_6701k211syvvegba4kt7m68nxjmw",
  "consoleLoggingDefault": true,
  "buildCommitSha": "2b5429ce3ef384c7163189a82e29c8cd2b2fc0b7",
  "buildCommitTimestamp": "2026-07-01T16:41:42+08:00"
}
 LOG  [ConsoleLogging] Initialized (output enabled)
